Archive member included because of file (symbol)

c:/program files (x86)/atollic/truestudio for arm 5.4.1/armtools/bin/../lib/gcc/arm-atollic-eabi/4.8.3/../../../../arm-atollic-eabi/lib/armv7e-m/fpu\libc.a(lib_a-init.o)
                              src\startup_stm32f429x.o (__libc_init_array)
c:/program files (x86)/atollic/truestudio for arm 5.4.1/armtools/bin/../lib/gcc/arm-atollic-eabi/4.8.3/../../../../arm-atollic-eabi/lib/armv7e-m/fpu\libc.a(lib_a-strlen.o)
                              src\tiny_printf.o (strlen)
c:/program files (x86)/atollic/truestudio for arm 5.4.1/armtools/bin/../lib/gcc/arm-atollic-eabi/4.8.3/../../../../arm-atollic-eabi/lib/armv7e-m/fpu\libc.a(lib_a-syscalls.o)
                              src\tiny_printf.o (_write)
c:/program files (x86)/atollic/truestudio for arm 5.4.1/armtools/bin/../lib/gcc/arm-atollic-eabi/4.8.3/../../../../arm-atollic-eabi/lib/armv7e-m/fpu\libc.a(lib_a-reent.o)
                              c:/program files (x86)/atollic/truestudio for arm 5.4.1/armtools/bin/../lib/gcc/arm-atollic-eabi/4.8.3/../../../../arm-atollic-eabi/lib/armv7e-m/fpu\libc.a(lib_a-syscalls.o) (errno)
c:/program files (x86)/atollic/truestudio for arm 5.4.1/armtools/bin/../lib/gcc/arm-atollic-eabi/4.8.3/../../../../arm-atollic-eabi/lib/armv7e-m/fpu\libc.a(lib_a-freer.o)
                              c:/program files (x86)/atollic/truestudio for arm 5.4.1/armtools/bin/../lib/gcc/arm-atollic-eabi/4.8.3/../../../../arm-atollic-eabi/lib/armv7e-m/fpu\libc.a(lib_a-reent.o) (_free_r)
c:/program files (x86)/atollic/truestudio for arm 5.4.1/armtools/bin/../lib/gcc/arm-atollic-eabi/4.8.3/../../../../arm-atollic-eabi/lib/armv7e-m/fpu\libc.a(lib_a-impure.o)
                              c:/program files (x86)/atollic/truestudio for arm 5.4.1/armtools/bin/../lib/gcc/arm-atollic-eabi/4.8.3/../../../../arm-atollic-eabi/lib/armv7e-m/fpu\libc.a(lib_a-reent.o) (_impure_ptr)
c:/program files (x86)/atollic/truestudio for arm 5.4.1/armtools/bin/../lib/gcc/arm-atollic-eabi/4.8.3/../../../../arm-atollic-eabi/lib/armv7e-m/fpu\libc.a(lib_a-mallocr.o)
                              c:/program files (x86)/atollic/truestudio for arm 5.4.1/armtools/bin/../lib/gcc/arm-atollic-eabi/4.8.3/../../../../arm-atollic-eabi/lib/armv7e-m/fpu\libc.a(lib_a-freer.o) (__malloc_current_mallinfo)
c:/program files (x86)/atollic/truestudio for arm 5.4.1/armtools/bin/../lib/gcc/arm-atollic-eabi/4.8.3/../../../../arm-atollic-eabi/lib/armv7e-m/fpu\libc.a(lib_a-mlock.o)
                              c:/program files (x86)/atollic/truestudio for arm 5.4.1/armtools/bin/../lib/gcc/arm-atollic-eabi/4.8.3/../../../../arm-atollic-eabi/lib/armv7e-m/fpu\libc.a(lib_a-freer.o) (__malloc_lock)
c:/program files (x86)/atollic/truestudio for arm 5.4.1/armtools/bin/../lib/gcc/arm-atollic-eabi/4.8.3/../../../../arm-atollic-eabi/lib/armv7e-m/fpu\libc.a(lib_a-sbrkr.o)
                              c:/program files (x86)/atollic/truestudio for arm 5.4.1/armtools/bin/../lib/gcc/arm-atollic-eabi/4.8.3/../../../../arm-atollic-eabi/lib/armv7e-m/fpu\libc.a(lib_a-freer.o) (_sbrk_r)
c:/program files (x86)/atollic/truestudio for arm 5.4.1/armtools/bin/../lib/gcc/arm-atollic-eabi/4.8.3/../../../../arm-atollic-eabi/lib/armv7e-m/fpu\libm.a(lib_a-w_pow.o)
                              src\SEN0159.o (pow)
c:/program files (x86)/atollic/truestudio for arm 5.4.1/armtools/bin/../lib/gcc/arm-atollic-eabi/4.8.3/../../../../arm-atollic-eabi/lib/armv7e-m/fpu\libm.a(lib_a-e_pow.o)
                              c:/program files (x86)/atollic/truestudio for arm 5.4.1/armtools/bin/../lib/gcc/arm-atollic-eabi/4.8.3/../../../../arm-atollic-eabi/lib/armv7e-m/fpu\libm.a(lib_a-w_pow.o) (__ieee754_pow)
c:/program files (x86)/atollic/truestudio for arm 5.4.1/armtools/bin/../lib/gcc/arm-atollic-eabi/4.8.3/../../../../arm-atollic-eabi/lib/armv7e-m/fpu\libm.a(lib_a-e_sqrt.o)
                              c:/program files (x86)/atollic/truestudio for arm 5.4.1/armtools/bin/../lib/gcc/arm-atollic-eabi/4.8.3/../../../../arm-atollic-eabi/lib/armv7e-m/fpu\libm.a(lib_a-e_pow.o) (__ieee754_sqrt)
c:/program files (x86)/atollic/truestudio for arm 5.4.1/armtools/bin/../lib/gcc/arm-atollic-eabi/4.8.3/../../../../arm-atollic-eabi/lib/armv7e-m/fpu\libm.a(lib_a-s_fabs.o)
                              c:/program files (x86)/atollic/truestudio for arm 5.4.1/armtools/bin/../lib/gcc/arm-atollic-eabi/4.8.3/../../../../arm-atollic-eabi/lib/armv7e-m/fpu\libm.a(lib_a-e_pow.o) (fabs)
c:/program files (x86)/atollic/truestudio for arm 5.4.1/armtools/bin/../lib/gcc/arm-atollic-eabi/4.8.3/../../../../arm-atollic-eabi/lib/armv7e-m/fpu\libm.a(lib_a-s_finite.o)
                              c:/program files (x86)/atollic/truestudio for arm 5.4.1/armtools/bin/../lib/gcc/arm-atollic-eabi/4.8.3/../../../../arm-atollic-eabi/lib/armv7e-m/fpu\libm.a(lib_a-w_pow.o) (finite)
[...]
Memory Configuration

Name             Origin             Length             Attributes
FLASH            0x08000000         0x00200000         xr
RAM              0x20000000         0x00030000         xrw
MEMORY_B1        0x60000000         0x00000000         xr
CCMRAM           0x10000000         0x00010000         rw
*default*        0x00000000         0xffffffff

Linker script and memory map

LOAD c:/program files (x86)/atollic/truestudio for arm 5.4.1/armtools/bin/../lib/gcc/arm-atollic-eabi/4.8.3/armv7e-m/fpu/crti.o
LOAD c:/program files (x86)/atollic/truestudio for arm 5.4.1/armtools/bin/../lib/gcc/arm-atollic-eabi/4.8.3/armv7e-m/fpu/crtbegin.o
LOAD src\tiny_printf.o
LOAD src\system_stm32f4xx.o
LOAD src\stm32f4xx_it.o
LOAD src\startup_stm32f429x.o
LOAD src\remoteController.o
LOAD src\main.o
LOAD src\ds18b20.o
LOAD src\SharedFunctions.o
LOAD src\SEN0159.o
LOAD src\Results.o
LOAD src\MainMenu.o
LOAD src\LPS331.o
LOAD src\FloatConverter.o
LOAD src\DS1337.o
LOAD src\DHT11.o
LOAD src\ChartsMenu.o
LOAD src\ChartPanel.o
LOAD src\Chart.o
LOAD src\Button.o
LOAD Utilities\STM32F429I-Discovery\stm32f429i_discovery_sdram.o
LOAD Utilities\STM32F429I-Discovery\stm32f429i_discovery_lcd.o
LOAD Utilities\STM32F429I-Discovery\stm32f429i_discovery_l3gd20.o
LOAD Utilities\STM32F429I-Discovery\stm32f429i_discovery_ioe.o
LOAD Utilities\STM32F429I-Discovery\stm32f429i_discovery_i2c_ee.o
LOAD Utilities\STM32F429I-Discovery\stm32f429i_discovery.o
LOAD Utilities\Common\lcd_log.o
LOAD Utilities\Common\fonts.o
LOAD Libraries\STM32F4xx_StdPeriph_Driver\src\stm32f4xx_wwdg.o
LOAD Libraries\STM32F4xx_StdPeriph_Driver\src\stm32f4xx_usart.o
LOAD Libraries\STM32F4xx_StdPeriph_Driver\src\stm32f4xx_tim.o
LOAD Libraries\STM32F4xx_StdPeriph_Driver\src\stm32f4xx_syscfg.o
LOAD Libraries\STM32F4xx_StdPeriph_Driver\src\stm32f4xx_spi.o
LOAD Libraries\STM32F4xx_StdPeriph_Driver\src\stm32f4xx_sdio.o
LOAD Libraries\STM32F4xx_StdPeriph_Driver\src\stm32f4xx_sai.o
LOAD Libraries\STM32F4xx_StdPeriph_Driver\src\stm32f4xx_rtc.o
LOAD Libraries\STM32F4xx_StdPeriph_Driver\src\stm32f4xx_rng.o
LOAD Libraries\STM32F4xx_StdPeriph_Driver\src\stm32f4xx_rcc.o
LOAD Libraries\STM32F4xx_StdPeriph_Driver\src\stm32f4xx_pwr.o
LOAD Libraries\STM32F4xx_StdPeriph_Driver\src\stm32f4xx_ltdc.o
LOAD Libraries\STM32F4xx_StdPeriph_Driver\src\stm32f4xx_iwdg.o
LOAD Libraries\STM32F4xx_StdPeriph_Driver\src\stm32f4xx_i2c.o
LOAD Libraries\STM32F4xx_StdPeriph_Driver\src\stm32f4xx_hash_sha1.o
LOAD Libraries\STM32F4xx_StdPeriph_Driver\src\stm32f4xx_hash_md5.o
LOAD Libraries\STM32F4xx_StdPeriph_Driver\src\stm32f4xx_hash.o
LOAD Libraries\STM32F4xx_StdPeriph_Driver\src\stm32f4xx_gpio.o
LOAD Libraries\STM32F4xx_StdPeriph_Driver\src\stm32f4xx_fmc.o
LOAD Libraries\STM32F4xx_StdPeriph_Driver\src\stm32f4xx_flash.o
LOAD Libraries\STM32F4xx_StdPeriph_Driver\src\stm32f4xx_exti.o
LOAD Libraries\STM32F4xx_StdPeriph_Driver\src\stm32f4xx_dma2d.o
LOAD Libraries\STM32F4xx_StdPeriph_Driver\src\stm32f4xx_dma.o
LOAD Libraries\STM32F4xx_StdPeriph_Driver\src\stm32f4xx_dcmi.o
LOAD Libraries\STM32F4xx_StdPeriph_Driver\src\stm32f4xx_dbgmcu.o
LOAD Libraries\STM32F4xx_StdPeriph_Driver\src\stm32f4xx_dac.o
LOAD Libraries\STM32F4xx_StdPeriph_Driver\src\stm32f4xx_cryp_tdes.o
LOAD Libraries\STM32F4xx_StdPeriph_Driver\src\stm32f4xx_cryp_des.o
LOAD Libraries\STM32F4xx_StdPeriph_Driver\src\stm32f4xx_cryp_aes.o
LOAD Libraries\STM32F4xx_StdPeriph_Driver\src\stm32f4xx_cryp.o
LOAD Libraries\STM32F4xx_StdPeriph_Driver\src\stm32f4xx_crc.o
LOAD Libraries\STM32F4xx_StdPeriph_Driver\src\stm32f4xx_can.o
LOAD Libraries\STM32F4xx_StdPeriph_Driver\src\stm32f4xx_adc.o
LOAD Libraries\STM32F4xx_StdPeriph_Driver\src\misc.o
START GROUP
LOAD c:/program files (x86)/atollic/truestudio for arm 5.4.1/armtools/bin/../lib/gcc/arm-atollic-eabi/4.8.3/../../../../arm-atollic-eabi/lib/armv7e-m/fpu\libc.a
LOAD c:/program files (x86)/atollic/truestudio for arm 5.4.1/armtools/bin/../lib/gcc/arm-atollic-eabi/4.8.3/../../../../arm-atollic-eabi/lib/armv7e-m/fpu\libm.a
END GROUP
                0x00001000                malloc_getpagesize_P = 0x1000
START GROUP
LOAD c:/program files (x86)/atollic/truestudio for arm 5.4.1/armtools/bin/../lib/gcc/arm-atollic-eabi/4.8.3/armv7e-m/fpu\libgcc.a
LOAD c:/program files (x86)/atollic/truestudio for arm 5.4.1/armtools/bin/../lib/gcc/arm-atollic-eabi/4.8.3/../../../../arm-atollic-eabi/lib/armv7e-m/fpu\libc.a
END GROUP
LOAD c:/program files (x86)/atollic/truestudio for arm 5.4.1/armtools/bin/../lib/gcc/arm-atollic-eabi/4.8.3/armv7e-m/fpu/crtend.o
LOAD c:/program files (x86)/atollic/truestudio for arm 5.4.1/armtools/bin/../lib/gcc/arm-atollic-eabi/4.8.3/armv7e-m/fpu/crtn.o
                0x20030000                _estack = 0x20030000
                0x00000000                _Min_Heap_Size = 0x0
                0x00000400                _Min_Stack_Size = 0x400

.isr_vector     0x08000000      0x1ac
                0x08000000                . = ALIGN (0x4)
 *(.isr_vector)
 .isr_vector    0x08000000      0x1ac src\startup_stm32f429x.o
                0x08000000                g_pfnVectors
                0x080001ac                . = ALIGN (0x4)

.text           0x080001b0     0x6834
                0x080001b0                . = ALIGN (0x4)
 *(.text)
 .text          0x080001b0       0x40 c:/program files (x86)/atollic/truestudio for arm 5.4.1/armtools/bin/../lib/gcc/arm-atollic-eabi/4.8.3/armv7e-m/fpu/crtbegin.o
 .text          0x080001f0      0x370 c:/program files (x86)/atollic/truestudio for arm 5.4.1/armtools/bin/../lib/gcc/arm-atollic-eabi/4.8.3/armv7e-m/fpu\libgcc.a(_arm_addsubdf3.o)
                0x080001f0                __aeabi_drsub
                0x080001f8                __aeabi_dsub
                0x080001f8                __subdf3
                0x080001fc                __aeabi_dadd
                0x080001fc                __adddf3
                0x08000474                __floatunsidf
                0x08000474                __aeabi_ui2d
                0x08000494                __floatsidf
                0x08000494                __aeabi_i2d
                0x080004b8                __aeabi_f2d
                0x080004b8                __extendsfdf2
                0x080004f4                __floatundidf
                0x080004f4                __aeabi_ul2d
                0x08000504                __floatdidf
                0x08000504                __aeabi_l2d
 .text          0x08000560      0x424 c:/program files (x86)/atollic/truestudio for arm 5.4.1/armtools/bin/../lib/gcc/arm-atollic-eabi/4.8.3/armv7e-m/fpu\libgcc.a(_arm_muldivdf3.o)
                0x08000560                __aeabi_dmul
                0x08000560                __muldf3
                0x080007b4                __divdf3
                0x080007b4                __aeabi_ddiv
 .text          0x08000984      0x110 c:/program files (x86)/atollic/truestudio for arm 5.4.1/armtools/bin/../lib/gcc/arm-atollic-eabi/4.8.3/armv7e-m/fpu\libgcc.a(_arm_cmpdf2.o)
                0x08000984                __gtdf2
                0x08000984                __gedf2
                0x0800098c                __ltdf2
                0x0800098c                __ledf2
                0x08000994                __nedf2
                0x08000994                __eqdf2
                0x08000994                __cmpdf2
                0x08000a10                __aeabi_cdrcmple
                0x08000a20                __aeabi_cdcmpeq
                0x08000a20                __aeabi_cdcmple
                0x08000a30                __aeabi_dcmpeq
                0x08000a44                __aeabi_dcmplt
                0x08000a58                __aeabi_dcmple
                0x08000a6c                __aeabi_dcmpge
                0x08000a80                __aeabi_dcmpgt
 .text          0x08000a94       0xa0 c:/program files (x86)/atollic/truestudio for arm 5.4.1/armtools/bin/../lib/gcc/arm-atollic-eabi/4.8.3/armv7e-m/fpu\libgcc.a(_arm_truncdfsf2.o)
                0x08000a94                __truncdfsf2
                0x08000a94                __aeabi_d2f
 *(.text*)
 .text.SystemInit
                0x08000b34       0x68 src\system_stm32f4xx.o
                0x08000b34                SystemInit
 .text.SetSysClock
                0x08000b9c       0xf4 src\system_stm32f4xx.o
 .text.NMI_Handler
                0x08000c90        0xc src\stm32f4xx_it.o
                0x08000c90                NMI_Handler
 .text.HardFault_Handler
                0x08000c9c        0x8 src\stm32f4xx_it.o
                0x08000c9c                HardFault_Handler
 .text.MemManage_Handler
                0x08000ca4        0x8 src\stm32f4xx_it.o
                0x08000ca4                MemManage_Handler
 .text.BusFault_Handler
                0x08000cac        0x8 src\stm32f4xx_it.o
                0x08000cac                BusFault_Handler
 .text.UsageFault_Handler
                0x08000cb4        0x8 src\stm32f4xx_it.o
                0x08000cb4                UsageFault_Handler
 .text.SVC_Handler
                0x08000cbc        0xc src\stm32f4xx_it.o
                0x08000cbc                SVC_Handler
 .text.DebugMon_Handler
                0x08000cc8        0xc src\stm32f4xx_it.o
                0x08000cc8                DebugMon_Handler
 .text.PendSV_Handler
                0x08000cd4        0xc src\stm32f4xx_it.o
                0x08000cd4                PendSV_Handler
 .text.Reset_Handler
                0x08000ce0       0x58 src\startup_stm32f429x.o
                0x08000ce0                Reset_Handler
 .text.Default_Handler
                0x08000d38        0x4 src\startup_stm32f429x.o
                0x08000d38                RTC_Alarm_IRQHandler
                0x08000d38                HASH_RNG_IRQHandler
                0x08000d38                EXTI2_IRQHandler
                0x08000d38                TIM8_CC_IRQHandler
                0x08000d38                UART8_IRQHandler
                0x08000d38                SPI4_IRQHandler
                0x08000d38                TIM1_CC_IRQHandler
                0x08000d38                DMA2_Stream5_IRQHandler
                0x08000d38                DMA1_Stream5_IRQHandler
                0x08000d38                PVD_IRQHandler
                0x08000d38                SDIO_IRQHandler
                0x08000d38                TAMP_STAMP_IRQHandler
                0x08000d38                CAN2_RX1_IRQHandler
                0x08000d38                EXTI3_IRQHandler
                0x08000d38                TIM8_TRG_COM_TIM14_IRQHandler
                0x08000d38                TIM1_UP_TIM10_IRQHandler
                0x08000d38                TIM8_UP_TIM13_IRQHandler
                0x08000d38                I2C3_ER_IRQHandler
                0x08000d38                I2C2_EV_IRQHandler
                0x08000d38                CAN1_RX0_IRQHandler
                0x08000d38                FPU_IRQHandler
                0x08000d38                OTG_HS_WKUP_IRQHandler
                0x08000d38                LTDC_ER_IRQHandler
                0x08000d38                CAN2_SCE_IRQHandler
                0x08000d38                DMA2_Stream2_IRQHandler
                0x08000d38                SPI1_IRQHandler
                0x08000d38                TIM6_DAC_IRQHandler
                0x08000d38                TIM1_BRK_TIM9_IRQHandler
                0x08000d38                DCMI_IRQHandler
                0x08000d38                CAN2_RX0_IRQHandler
                0x08000d38                DMA2_Stream3_IRQHandler
                0x08000d38                USART6_IRQHandler
                0x08000d38                USART3_IRQHandler
                0x08000d38                CRYP_IRQHandler
                0x08000d38                CAN1_RX1_IRQHandler
                0x08000d38                UART5_IRQHandler
                0x08000d38                DMA2_Stream0_IRQHandler
                0x08000d38                TIM4_IRQHandler
                0x08000d38                I2C1_EV_IRQHandler
                0x08000d38                DMA1_Stream6_IRQHandler
                0x08000d38                DMA1_Stream1_IRQHandler
                0x08000d38                UART4_IRQHandler
                0x08000d38                TIM3_IRQHandler
                0x08000d38                RCC_IRQHandler
                0x08000d38                TIM8_BRK_TIM12_IRQHandler
                0x08000d38                Default_Handler
                0x08000d38                EXTI15_10_IRQHandler
                0x08000d38                ADC_IRQHandler
                0x08000d38                DMA1_Stream7_IRQHandler
                0x08000d38                SPI5_IRQHandler
                0x08000d38                TIM7_IRQHandler
                0x08000d38                CAN2_TX_IRQHandler
                0x08000d38                TIM5_IRQHandler
                0x08000d38                DMA2_Stream7_IRQHandler
                0x08000d38                I2C3_EV_IRQHandler
                0x08000d38                EXTI9_5_IRQHandler
                0x08000d38                RTC_WKUP_IRQHandler
                0x08000d38                LTDC_IRQHandler
                0x08000d38                ETH_WKUP_IRQHandler
                0x08000d38                SPI2_IRQHandler
                0x08000d38                OTG_HS_EP1_IN_IRQHandler
                0x08000d38                DMA1_Stream0_IRQHandler
                0x08000d38                CAN1_TX_IRQHandler
                0x08000d38                EXTI4_IRQHandler
                0x08000d38                ETH_IRQHandler
                0x08000d38                OTG_HS_EP1_OUT_IRQHandler
                0x08000d38                WWDG_IRQHandler
                0x08000d38                SPI6_IRQHandler
                0x08000d38                TIM2_IRQHandler
                0x08000d38                OTG_FS_WKUP_IRQHandler
                0x08000d38                TIM1_TRG_COM_TIM11_IRQHandler
                0x08000d38                OTG_HS_IRQHandler
                0x08000d38                DMA2D_IRQHandler
                0x08000d38                EXTI1_IRQHandler
                0x08000d38                UART7_IRQHandler
                0x08000d38                USART2_IRQHandler
                0x08000d38                I2C2_ER_IRQHandler
                0x08000d38                DMA2_Stream1_IRQHandler
                0x08000d38                CAN1_SCE_IRQHandler
                0x08000d38                FLASH_IRQHandler
                0x08000d38                DMA2_Stream4_IRQHandler
                0x08000d38                USART1_IRQHandler
                0x08000d38                OTG_FS_IRQHandler
                0x08000d38                SPI3_IRQHandler
                0x08000d38                I2C1_ER_IRQHandler
                0x08000d38                FMC_IRQHandler
                0x08000d38                DMA2_Stream6_IRQHandler
                0x08000d38                SAI1_IRQHandler
                0x08000d38                DMA1_Stream3_IRQHandler
 .text.EXTI0_IRQHandler
                0x08000d3c        0xc src\remoteController.o
                0x08000d3c                EXTI0_IRQHandler
 .text.NVIC_SetPriority
                0x08000d48       0x54 src\main.o
 .text.SysTick_Config
                0x08000d9c       0x44 src\main.o
 .text.delayDec
                0x08000de0       0x2c src\main.o
                0x08000de0                delayDec
 .text.SysTick_Handler
                0x08000e0c        0xc src\main.o
                0x08000e0c                SysTick_Handler
 .text.main     0x08000e18       0x48 src\main.o
                0x08000e18                main
 .text.sEE_TIMEOUT_UserCallback
                0x08000e60        0x8 src\main.o
                0x08000e60                sEE_TIMEOUT_UserCallback
 .text.ds18b20PinConfig
                0x08000e68       0x70 src\ds18b20.o
                0x08000e68                ds18b20PinConfig
 .text.ds18b20Reset
                0x08000ed8       0x40 src\ds18b20.o
                0x08000ed8                ds18b20Reset
 .text.ds18b20WaitForPresenceResponce
                0x08000f18       0x44 src\ds18b20.o
                0x08000f18                ds18b20WaitForPresenceResponce
 .text.ds18b20WriteBit
                0x08000f5c       0x70 src\ds18b20.o
                0x08000f5c                ds18b20WriteBit
 .text.ds18b20ReadBit
                0x08000fcc       0x8c src\ds18b20.o
                0x08000fcc                ds18b20ReadBit
 .text.ds18b20WriteByte
                0x08001058       0x38 src\ds18b20.o
                0x08001058                ds18b20WriteByte
 .text.ds18b20ReadByte
                0x08001090       0x40 src\ds18b20.o
                0x08001090                ds18b20ReadByte
 .text.ds18b20_read
                0x080010d0      0x128 src\ds18b20.o
                0x080010d0                ds18b20_read
 .text.ds18b20_beginConversion
                0x080011f8       0x60 src\ds18b20.o
                0x080011f8                ds18b20_beginConversion
 .text.delayMSC
                0x08001258       0x44 src\SharedFunctions.o
                0x08001258                delayMSC
 .text.InitTimerTIM2ToCountInUc
                0x0800129c       0x6c src\SharedFunctions.o
                0x0800129c                InitTimerTIM2ToCountInUc
 .text.InitI2C3
                0x08001308       0xe0 src\SharedFunctions.o
                0x08001308                InitI2C3
 .text.collectDataFromSensors
                0x080013e8       0x70 src\Results.o
                0x080013e8                collectDataFromSensors
 .text.pushRecord
                0x08001458       0xd4 src\Results.o
                0x08001458                pushRecord
 .text.DMArecordPushInit
                0x0800152c       0xe4 src\Results.o
                0x0800152c                DMArecordPushInit
 .text.LCDinit  0x08001610       0x34 src\MainMenu.o
                0x08001610                LCDinit
 .text.MainMenu
                0x08001644      0x254 src\MainMenu.o
                0x08001644                MainMenu
 .text.LPS331_INIT
                0x08001898       0xa8 src\LPS331.o
                0x08001898                LPS331_INIT
 .text.LPS331_readPressure
                0x08001940      0x160 src\LPS331.o
                0x08001940                LPS331_readPressure
 .text.DHT11SentStartRequest
                0x08001aa0       0xd0 src\DHT11.o
                0x08001aa0                DHT11SentStartRequest
 .text.DHT11RecvData
                0x08001b70       0xcc src\DHT11.o
                0x08001b70                DHT11RecvData
 .text.DHT11DecodeByte
                0x08001c3c       0x8c src\DHT11.o
                0x08001c3c                DHT11DecodeByte
 .text.DHT11Decode
                0x08001cc8      0x140 src\DHT11.o
                0x08001cc8                DHT11Decode
 .text.DHT11_read
                0x08001e08       0x88 src\DHT11.o
                0x08001e08                DHT11_read
 .text.ChartsMenu
                0x08001e90      0x1e0 src\ChartsMenu.o
                0x08001e90                ChartsMenu
 .text.ChartPanel
                0x08002070       0xc8 src\ChartPanel.o
                0x08002070                ChartPanel
 .text.DrawChart
                0x08002138      0x310 src\Chart.o
                0x08002138                DrawChart
 .text.reverse  0x08002448       0x5c src\Button.o
                0x08002448                reverse
 .text.intToStr
                0x080024a4       0x8c src\Button.o
                0x080024a4                intToStr
 .text.ftoa     0x08002530       0xe0 src\Button.o
                0x08002530                ftoa
 .text.ButtonDraw
                0x08002610       0xa0 src\Button.o
                0x08002610                ButtonDraw
 .text.ButtonCheckIfPressed
                0x080026b0       0x70 src\Button.o
                0x080026b0                ButtonCheckIfPressed
 .text.LabelDraw
                0x08002720       0x64 src\Button.o
                0x08002720                LabelDraw
 .text.DrawFloat
                0x08002784       0x44 src\Button.o
                0x08002784                DrawFloat
 .text.SDRAM_Init
                0x080027c8       0x74 Utilities\STM32F429I-Discovery\stm32f429i_discovery_sdram.o
                0x080027c8                SDRAM_Init
 .text.SDRAM_GPIOConfig
                0x0800283c      0x214 Utilities\STM32F429I-Discovery\stm32f429i_discovery_sdram.o
                0x0800283c                SDRAM_GPIOConfig
 .text.SDRAM_InitSequence
                0x08002a50       0xec Utilities\STM32F429I-Discovery\stm32f429i_discovery_sdram.o
                0x08002a50                SDRAM_InitSequence
 .text.delay    0x08002b3c       0x34 Utilities\STM32F429I-Discovery\stm32f429i_discovery_sdram.o
 .text.LCD_Init
                0x08002b70       0xe0 Utilities\STM32F429I-Discovery\stm32f429i_discovery_lcd.o
                0x08002b70                LCD_Init
 .text.LCD_LayerInit
                0x08002c50       0xb4 Utilities\STM32F429I-Discovery\stm32f429i_discovery_lcd.o
                0x08002c50                LCD_LayerInit
 .text.LCD_ChipSelect
                0x08002d04       0x2c Utilities\STM32F429I-Discovery\stm32f429i_discovery_lcd.o
                0x08002d04                LCD_ChipSelect
 .text.LCD_SetLayer
                0x08002d30       0x40 Utilities\STM32F429I-Discovery\stm32f429i_discovery_lcd.o
                0x08002d30                LCD_SetLayer
 .text.LCD_SetColors
                0x08002d70       0x30 Utilities\STM32F429I-Discovery\stm32f429i_discovery_lcd.o
                0x08002d70                LCD_SetColors
 .text.LCD_SetTextColor
                0x08002da0       0x20 Utilities\STM32F429I-Discovery\stm32f429i_discovery_lcd.o
                0x08002da0                LCD_SetTextColor
 .text.LCD_SetFont
                0x08002dc0       0x1c Utilities\STM32F429I-Discovery\stm32f429i_discovery_lcd.o
                0x08002dc0                LCD_SetFont
 .text.LCD_SetTransparency
                0x08002ddc       0x40 Utilities\STM32F429I-Discovery\stm32f429i_discovery_lcd.o
                0x08002ddc                LCD_SetTransparency
 .text.LCD_Clear
                0x08002e1c       0x40 Utilities\STM32F429I-Discovery\stm32f429i_discovery_lcd.o
                0x08002e1c                LCD_Clear
 .text.LCD_DrawChar
                0x08002e5c      0x120 Utilities\STM32F429I-Discovery\stm32f429i_discovery_lcd.o
                0x08002e5c                LCD_DrawChar
 .text.LCD_DisplayChar
                0x08002f7c       0x48 Utilities\STM32F429I-Discovery\stm32f429i_discovery_lcd.o
                0x08002f7c                LCD_DisplayChar
 .text.LCD_DrawLine
                0x08002fc4       0xc8 Utilities\STM32F429I-Discovery\stm32f429i_discovery_lcd.o
                0x08002fc4                LCD_DrawLine
 .text.LCD_DrawRect
                0x0800308c       0x68 Utilities\STM32F429I-Discovery\stm32f429i_discovery_lcd.o
                0x0800308c                LCD_DrawRect
 .text.LCD_DrawFullRect
                0x080030f4       0xc0 Utilities\STM32F429I-Discovery\stm32f429i_discovery_lcd.o
                0x080030f4                LCD_DrawFullRect
 .text.LCD_WriteCommand
                0x080031b4       0x54 Utilities\STM32F429I-Discovery\stm32f429i_discovery_lcd.o
                0x080031b4                LCD_WriteCommand
 .text.LCD_WriteData
                0x08003208       0x54 Utilities\STM32F429I-Discovery\stm32f429i_discovery_lcd.o
                0x08003208                LCD_WriteData
 .text.LCD_PowerOn
                0x0800325c      0x290 Utilities\STM32F429I-Discovery\stm32f429i_discovery_lcd.o
                0x0800325c                LCD_PowerOn
 .text.LCD_CtrlLinesConfig
                0x080034ec       0x40 Utilities\STM32F429I-Discovery\stm32f429i_discovery_lcd.o
                0x080034ec                LCD_CtrlLinesConfig
 .text.LCD_CtrlLinesWrite
                0x0800352c       0x24 Utilities\STM32F429I-Discovery\stm32f429i_discovery_lcd.o
                0x0800352c                LCD_CtrlLinesWrite
 .text.LCD_SPIConfig
                0x08003550       0xc4 Utilities\STM32F429I-Discovery\stm32f429i_discovery_lcd.o
                0x08003550                LCD_SPIConfig
 .text.LCD_AF_GPIOConfig
                0x08003614      0x178 Utilities\STM32F429I-Discovery\stm32f429i_discovery_lcd.o
 .text.delay    0x0800378c       0x28 Utilities\STM32F429I-Discovery\stm32f429i_discovery_lcd.o
 .text.IOE_TP_GetState
                0x080037b4       0xc8 Utilities\STM32F429I-Discovery\stm32f429i_discovery_ioe.o
                0x080037b4                IOE_TP_GetState
 .text.IOE_FnctCmd
                0x0800387c       0x50 Utilities\STM32F429I-Discovery\stm32f429i_discovery_ioe.o
                0x0800387c                IOE_FnctCmd
 .text.IOE_TP_Config
                0x080038cc       0x94 Utilities\STM32F429I-Discovery\stm32f429i_discovery_ioe.o
                0x080038cc                IOE_TP_Config
 .text.IOE_IOAFConfig
                0x08003960       0x50 Utilities\STM32F429I-Discovery\stm32f429i_discovery_ioe.o
                0x08003960                IOE_IOAFConfig
 .text.IOE_TP_Read_X
                0x080039b0       0x68 Utilities\STM32F429I-Discovery\stm32f429i_discovery_ioe.o
 .text.IOE_TP_Read_Y
                0x08003a18       0x54 Utilities\STM32F429I-Discovery\stm32f429i_discovery_ioe.o
 .text.IOE_TP_Read_Z
                0x08003a6c       0x28 Utilities\STM32F429I-Discovery\stm32f429i_discovery_ioe.o
 .text.IOE_GPIO_Config
                0x08003a94       0x8c Utilities\STM32F429I-Discovery\stm32f429i_discovery_ioe.o
 .text.I2C_WriteDeviceRegister
                0x08003b20      0x15c Utilities\STM32F429I-Discovery\stm32f429i_discovery_ioe.o
                0x08003b20                I2C_WriteDeviceRegister
 .text.I2C_ReadDeviceRegister
                0x08003c7c      0x1dc Utilities\STM32F429I-Discovery\stm32f429i_discovery_ioe.o
                0x08003c7c                I2C_ReadDeviceRegister
 .text.I2C_ReadDataBuffer
                0x08003e58      0x1cc Utilities\STM32F429I-Discovery\stm32f429i_discovery_ioe.o
                0x08003e58                I2C_ReadDataBuffer
 .text.IOE_TimeoutUserCallback
                0x08004024       0x6c Utilities\STM32F429I-Discovery\stm32f429i_discovery_ioe.o
                0x08004024                IOE_TimeoutUserCallback
 .text.delay    0x08004090       0x34 Utilities\STM32F429I-Discovery\stm32f429i_discovery_ioe.o
 .text.DMA1_Stream4_IRQHandler
                0x080040c4       0x78 Utilities\STM32F429I-Discovery\stm32f429i_discovery_i2c_ee.o
                0x080040c4                DMA1_Stream4_IRQHandler
 .text.DMA1_Stream2_IRQHandler
                0x0800413c       0x44 Utilities\STM32F429I-Discovery\stm32f429i_discovery_i2c_ee.o
                0x0800413c                DMA1_Stream2_IRQHandler
 .text.SPI_I2S_DeInit
                0x08004180       0xd8 Libraries\STM32F4xx_StdPeriph_Driver\src\stm32f4xx_spi.o
                0x08004180                SPI_I2S_DeInit
 .text.SPI_Init
                0x08004258       0x88 Libraries\STM32F4xx_StdPeriph_Driver\src\stm32f4xx_spi.o
                0x08004258                SPI_Init
 .text.SPI_Cmd  0x080042e0       0x40 Libraries\STM32F4xx_StdPeriph_Driver\src\stm32f4xx_spi.o
                0x080042e0                SPI_Cmd
 .text.SPI_I2S_SendData
                0x08004320       0x1c Libraries\STM32F4xx_StdPeriph_Driver\src\stm32f4xx_spi.o
                0x08004320                SPI_I2S_SendData
 .text.SPI_I2S_GetFlagStatus
                0x0800433c       0x38 Libraries\STM32F4xx_StdPeriph_Driver\src\stm32f4xx_spi.o
                0x0800433c                SPI_I2S_GetFlagStatus
 .text.RCC_PLLSAIConfig
                0x08004374       0x30 Libraries\STM32F4xx_StdPeriph_Driver\src\stm32f4xx_rcc.o
                0x08004374                RCC_PLLSAIConfig
 .text.RCC_PLLSAICmd
                0x080043a4       0x20 Libraries\STM32F4xx_StdPeriph_Driver\src\stm32f4xx_rcc.o
                0x080043a4                RCC_PLLSAICmd
 .text.RCC_GetClocksFreq
                0x080043c4      0x154 Libraries\STM32F4xx_StdPeriph_Driver\src\stm32f4xx_rcc.o
                0x080043c4                RCC_GetClocksFreq
 .text.RCC_LTDCCLKDivConfig
                0x08004518       0x3c Libraries\STM32F4xx_StdPeriph_Driver\src\stm32f4xx_rcc.o
                0x08004518                RCC_LTDCCLKDivConfig
 .text.RCC_AHB1PeriphClockCmd
                0x08004554       0x3c Libraries\STM32F4xx_StdPeriph_Driver\src\stm32f4xx_rcc.o
                0x08004554                RCC_AHB1PeriphClockCmd
 .text.RCC_AHB3PeriphClockCmd
                0x08004590       0x3c Libraries\STM32F4xx_StdPeriph_Driver\src\stm32f4xx_rcc.o
                0x08004590                RCC_AHB3PeriphClockCmd
 .text.RCC_APB1PeriphClockCmd
                0x080045cc       0x3c Libraries\STM32F4xx_StdPeriph_Driver\src\stm32f4xx_rcc.o
                0x080045cc                RCC_APB1PeriphClockCmd
 .text.RCC_APB2PeriphClockCmd
                0x08004608       0x3c Libraries\STM32F4xx_StdPeriph_Driver\src\stm32f4xx_rcc.o
                0x08004608                RCC_APB2PeriphClockCmd
 .text.RCC_AHB1PeriphResetCmd
                0x08004644       0x3c Libraries\STM32F4xx_StdPeriph_Driver\src\stm32f4xx_rcc.o
                0x08004644                RCC_AHB1PeriphResetCmd
 .text.RCC_APB1PeriphResetCmd
                0x08004680       0x3c Libraries\STM32F4xx_StdPeriph_Driver\src\stm32f4xx_rcc.o
                0x08004680                RCC_APB1PeriphResetCmd
 .text.RCC_APB2PeriphResetCmd
                0x080046bc       0x3c Libraries\STM32F4xx_StdPeriph_Driver\src\stm32f4xx_rcc.o
                0x080046bc                RCC_APB2PeriphResetCmd
 .text.RCC_GetFlagStatus
                0x080046f8       0x74 Libraries\STM32F4xx_StdPeriph_Driver\src\stm32f4xx_rcc.o
                0x080046f8                RCC_GetFlagStatus
 .text.LTDC_Init
                0x0800476c      0x12c Libraries\STM32F4xx_StdPeriph_Driver\src\stm32f4xx_ltdc.o
                0x0800476c                LTDC_Init
 .text.LTDC_Cmd
                0x08004898       0x38 Libraries\STM32F4xx_StdPeriph_Driver\src\stm32f4xx_ltdc.o
                0x08004898                LTDC_Cmd
 .text.LTDC_DitherCmd
                0x080048d0       0x38 Libraries\STM32F4xx_StdPeriph_Driver\src\stm32f4xx_ltdc.o
                0x080048d0                LTDC_DitherCmd
 .text.LTDC_ReloadConfig
                0x08004908       0x1c Libraries\STM32F4xx_StdPeriph_Driver\src\stm32f4xx_ltdc.o
                0x08004908                LTDC_ReloadConfig
 .text.LTDC_LayerInit
                0x08004924      0x134 Libraries\STM32F4xx_StdPeriph_Driver\src\stm32f4xx_ltdc.o
                0x08004924                LTDC_LayerInit
 .text.LTDC_LayerCmd
                0x08004a58       0x38 Libraries\STM32F4xx_StdPeriph_Driver\src\stm32f4xx_ltdc.o
                0x08004a58                LTDC_LayerCmd
 .text.LTDC_LayerAlpha
                0x08004a90       0x1c Libraries\STM32F4xx_StdPeriph_Driver\src\stm32f4xx_ltdc.o
                0x08004a90                LTDC_LayerAlpha
 .text.I2C_DeInit
                0x08004aac       0x74 Libraries\STM32F4xx_StdPeriph_Driver\src\stm32f4xx_i2c.o
                0x08004aac                I2C_DeInit
 .text.I2C_Init
                0x08004b20      0x184 Libraries\STM32F4xx_StdPeriph_Driver\src\stm32f4xx_i2c.o
                0x08004b20                I2C_Init
 .text.I2C_StructInit
                0x08004ca4       0x3c Libraries\STM32F4xx_StdPeriph_Driver\src\stm32f4xx_i2c.o
                0x08004ca4                I2C_StructInit
 .text.I2C_Cmd  0x08004ce0       0x40 Libraries\STM32F4xx_StdPeriph_Driver\src\stm32f4xx_i2c.o
                0x08004ce0                I2C_Cmd
 .text.I2C_GenerateSTART
                0x08004d20       0x40 Libraries\STM32F4xx_StdPeriph_Driver\src\stm32f4xx_i2c.o
                0x08004d20                I2C_GenerateSTART
 .text.I2C_GenerateSTOP
                0x08004d60       0x40 Libraries\STM32F4xx_StdPeriph_Driver\src\stm32f4xx_i2c.o
                0x08004d60                I2C_GenerateSTOP
 .text.I2C_Send7bitAddress
                0x08004da0       0x3c Libraries\STM32F4xx_StdPeriph_Driver\src\stm32f4xx_i2c.o
                0x08004da0                I2C_Send7bitAddress
 .text.I2C_AcknowledgeConfig
                0x08004ddc       0x40 Libraries\STM32F4xx_StdPeriph_Driver\src\stm32f4xx_i2c.o
                0x08004ddc                I2C_AcknowledgeConfig
 .text.I2C_SoftwareResetCmd
                0x08004e1c       0x44 Libraries\STM32F4xx_StdPeriph_Driver\src\stm32f4xx_i2c.o
                0x08004e1c                I2C_SoftwareResetCmd
 .text.I2C_NACKPositionConfig
                0x08004e60       0x40 Libraries\STM32F4xx_StdPeriph_Driver\src\stm32f4xx_i2c.o
                0x08004e60                I2C_NACKPositionConfig
 .text.I2C_SendData
                0x08004ea0       0x20 Libraries\STM32F4xx_StdPeriph_Driver\src\stm32f4xx_i2c.o
                0x08004ea0                I2C_SendData
 .text.I2C_ReceiveData
                0x08004ec0       0x1c Libraries\STM32F4xx_StdPeriph_Driver\src\stm32f4xx_i2c.o
                0x08004ec0                I2C_ReceiveData
 .text.I2C_CheckEvent
                0x08004edc       0x60 Libraries\STM32F4xx_StdPeriph_Driver\src\stm32f4xx_i2c.o
                0x08004edc                I2C_CheckEvent
 .text.I2C_GetFlagStatus
                0x08004f3c       0x68 Libraries\STM32F4xx_StdPeriph_Driver\src\stm32f4xx_i2c.o
                0x08004f3c                I2C_GetFlagStatus
 .text.GPIO_Init
                0x08004fa4      0x11c Libraries\STM32F4xx_StdPeriph_Driver\src\stm32f4xx_gpio.o
                0x08004fa4                GPIO_Init
 .text.GPIO_SetBits
                0x080050c0       0x1c Libraries\STM32F4xx_StdPeriph_Driver\src\stm32f4xx_gpio.o
                0x080050c0                GPIO_SetBits
 .text.GPIO_ResetBits
                0x080050dc       0x1c Libraries\STM32F4xx_StdPeriph_Driver\src\stm32f4xx_gpio.o
                0x080050dc                GPIO_ResetBits
 .text.GPIO_WriteBit
                0x080050f8       0x30 Libraries\STM32F4xx_StdPeriph_Driver\src\stm32f4xx_gpio.o
                0x080050f8                GPIO_WriteBit
 .text.GPIO_PinAFConfig
                0x08005128       0x8c Libraries\STM32F4xx_StdPeriph_Driver\src\stm32f4xx_gpio.o
                0x08005128                GPIO_PinAFConfig
 .text.FMC_SDRAMInit
                0x080051b4      0x15c Libraries\STM32F4xx_StdPeriph_Driver\src\stm32f4xx_fmc.o
                0x080051b4                FMC_SDRAMInit
 .text.FMC_SDRAMCmdConfig
                0x08005310       0x40 Libraries\STM32F4xx_StdPeriph_Driver\src\stm32f4xx_fmc.o
                0x08005310                FMC_SDRAMCmdConfig
 .text.FMC_SetRefreshCount
                0x08005350       0x24 Libraries\STM32F4xx_StdPeriph_Driver\src\stm32f4xx_fmc.o
                0x08005350                FMC_SetRefreshCount
 .text.FMC_GetFlagStatus
                0x08005374       0x7c Libraries\STM32F4xx_StdPeriph_Driver\src\stm32f4xx_fmc.o
                0x08005374                FMC_GetFlagStatus
 .text.DMA2D_DeInit
                0x080053f0       0x1c Libraries\STM32F4xx_StdPeriph_Driver\src\stm32f4xx_dma2d.o
                0x080053f0                DMA2D_DeInit
 .text.DMA2D_Init
                0x0800540c      0x15c Libraries\STM32F4xx_StdPeriph_Driver\src\stm32f4xx_dma2d.o
                0x0800540c                DMA2D_Init
 .text.DMA2D_StartTransfer
                0x08005568       0x1c Libraries\STM32F4xx_StdPeriph_Driver\src\stm32f4xx_dma2d.o
                0x08005568                DMA2D_StartTransfer
 .text.DMA2D_GetFlagStatus
                0x08005584       0x34 Libraries\STM32F4xx_StdPeriph_Driver\src\stm32f4xx_dma2d.o
                0x08005584                DMA2D_GetFlagStatus
 .text.DMA_Init
                0x080055b8       0xac Libraries\STM32F4xx_StdPeriph_Driver\src\stm32f4xx_dma.o
                0x080055b8                DMA_Init
 .text.DMA_StructInit
                0x08005664       0x6c Libraries\STM32F4xx_StdPeriph_Driver\src\stm32f4xx_dma.o
                0x08005664                DMA_StructInit
 .text.DMA_Cmd  0x080056d0       0x38 Libraries\STM32F4xx_StdPeriph_Driver\src\stm32f4xx_dma.o
                0x080056d0                DMA_Cmd
 .text.DMA_GetFlagStatus
                0x08005708       0x78 Libraries\STM32F4xx_StdPeriph_Driver\src\stm32f4xx_dma.o
                0x08005708                DMA_GetFlagStatus
 .text.DMA_ClearFlag
                0x08005780       0x5c Libraries\STM32F4xx_StdPeriph_Driver\src\stm32f4xx_dma.o
                0x08005780                DMA_ClearFlag
 .text.__libc_init_array
                0x080057dc       0x4c c:/program files (x86)/atollic/truestudio for arm 5.4.1/armtools/bin/../lib/gcc/arm-atollic-eabi/4.8.3/../../../../arm-atollic-eabi/lib/armv7e-m/fpu\libc.a(lib_a-init.o)
                0x080057dc                __libc_init_array
 .text.strlen   0x08005828       0x10 c:/program files (x86)/atollic/truestudio for arm 5.4.1/armtools/bin/../lib/gcc/arm-atollic-eabi/4.8.3/../../../../arm-atollic-eabi/lib/armv7e-m/fpu\libc.a(lib_a-strlen.o)
                0x08005828                strlen
 .text.pow      0x08005838      0x2f0 c:/program files (x86)/atollic/truestudio for arm 5.4.1/armtools/bin/../lib/gcc/arm-atollic-eabi/4.8.3/../../../../arm-atollic-eabi/lib/armv7e-m/fpu\libm.a(lib_a-w_pow.o)
                0x08005838                pow
 .text.__ieee754_pow
                0x08005b28      0xa88 c:/program files (x86)/atollic/truestudio for arm 5.4.1/armtools/bin/../lib/gcc/arm-atollic-eabi/4.8.3/../../../../arm-atollic-eabi/lib/armv7e-m/fpu\libm.a(lib_a-e_pow.o)
                0x08005b28                __ieee754_pow
 .text.__ieee754_sqrt
                0x080065b0      0x170 c:/program files (x86)/atollic/truestudio for arm 5.4.1/armtools/bin/../lib/gcc/arm-atollic-eabi/4.8.3/../../../../arm-atollic-eabi/lib/armv7e-m/fpu\libm.a(lib_a-e_sqrt.o)
                0x080065b0                __ieee754_sqrt
 .text.fabs     0x08006720       0x12 c:/program files (x86)/atollic/truestudio for arm 5.4.1/armtools/bin/../lib/gcc/arm-atollic-eabi/4.8.3/../../../../arm-atollic-eabi/lib/armv7e-m/fpu\libm.a(lib_a-s_fabs.o)
                0x08006720                fabs
 .text.finite   0x08006732       0x10 c:/program files (x86)/atollic/truestudio for arm 5.4.1/armtools/bin/../lib/gcc/arm-atollic-eabi/4.8.3/../../../../arm-atollic-eabi/lib/armv7e-m/fpu\libm.a(lib_a-s_finite.o)
                0x08006732                finite
 *fill*         0x08006742        0x2 
 .text.__fpclassifyd
                0x08006744       0x48 c:/program files (x86)/atollic/truestudio for arm 5.4.1/armtools/bin/../lib/gcc/arm-atollic-eabi/4.8.3/../../../../arm-atollic-eabi/lib/armv7e-m/fpu\libm.a(lib_a-s_fpclassify.o)
                0x08006744                __fpclassifyd
 .text.matherr  0x0800678c        0x4 c:/program files (x86)/atollic/truestudio for arm 5.4.1/armtools/bin/../lib/gcc/arm-atollic-eabi/4.8.3/../../../../arm-atollic-eabi/lib/armv7e-m/fpu\libm.a(lib_a-s_matherr.o)
                0x0800678c                matherr
 .text.nan      0x08006790       0x10 c:/program files (x86)/atollic/truestudio for arm 5.4.1/armtools/bin/../lib/gcc/arm-atollic-eabi/4.8.3/../../../../arm-atollic-eabi/lib/armv7e-m/fpu\libm.a(lib_a-s_nan.o)
                0x08006790                nan
 .text.rint     0x080067a0      0x110 c:/program files (x86)/atollic/truestudio for arm 5.4.1/armtools/bin/../lib/gcc/arm-atollic-eabi/4.8.3/../../../../arm-atollic-eabi/lib/armv7e-m/fpu\libm.a(lib_a-s_rint.o)
                0x080067a0                rint
 .text.scalbn   0x080068b0       0xf0 c:/program files (x86)/atollic/truestudio for arm 5.4.1/armtools/bin/../lib/gcc/arm-atollic-eabi/4.8.3/../../../../arm-atollic-eabi/lib/armv7e-m/fpu\libm.a(lib_a-s_scalbn.o)
                0x080068b0                scalbn
 .text.copysign
                0x080069a0       0x20 c:/program files (x86)/atollic/truestudio for arm 5.4.1/armtools/bin/../lib/gcc/arm-atollic-eabi/4.8.3/../../../../arm-atollic-eabi/lib/armv7e-m/fpu\libm.a(lib_a-s_copysign.o)
                0x080069a0                copysign
 .text.__errno  0x080069c0        0xc c:/program files (x86)/atollic/truestudio for arm 5.4.1/armtools/bin/../lib/gcc/arm-atollic-eabi/4.8.3/../../../../arm-atollic-eabi/lib/armv7e-m/fpu\libc.a(lib_a-errno.o)
                0x080069c0                __errno
 *(.glue_7)
 .glue_7        0x00000000        0x0 linker stubs
 *(.glue_7t)
 .glue_7t       0x00000000        0x0 linker stubs
 *(.eh_frame)
 .eh_frame      0x080069cc        0x0 c:/program files (x86)/atollic/truestudio for arm 5.4.1/armtools/bin/../lib/gcc/arm-atollic-eabi/4.8.3/armv7e-m/fpu/crtbegin.o
 *(.init)
 .init          0x080069cc        0x4 c:/program files (x86)/atollic/truestudio for arm 5.4.1/armtools/bin/../lib/gcc/arm-atollic-eabi/4.8.3/armv7e-m/fpu/crti.o
                0x080069cc                _init
 .init          0x080069d0        0x8 c:/program files (x86)/atollic/truestudio for arm 5.4.1/armtools/bin/../lib/gcc/arm-atollic-eabi/4.8.3/armv7e-m/fpu/crtn.o
 *(.fini)
 .fini          0x080069d8        0x4 c:/program files (x86)/atollic/truestudio for arm 5.4.1/armtools/bin/../lib/gcc/arm-atollic-eabi/4.8.3/armv7e-m/fpu/crti.o
                0x080069d8                _fini
 .fini          0x080069dc        0x8 c:/program files (x86)/atollic/truestudio for arm 5.4.1/armtools/bin/../lib/gcc/arm-atollic-eabi/4.8.3/armv7e-m/fpu/crtn.o
                0x080069e4                . = ALIGN (0x4)
                0x080069e4                _etext = .

.vfp11_veneer   0x080069e4        0x0
 .vfp11_veneer  0x00000000        0x0 linker stubs

.v4_bx          0x080069e4        0x0
 .v4_bx         0x00000000        0x0 linker stubs

.iplt           0x080069e4        0x0
 .iplt          0x00000000        0x0 c:/program files (x86)/atollic/truestudio for arm 5.4.1/armtools/bin/../lib/gcc/arm-atollic-eabi/4.8.3/armv7e-m/fpu/crtbegin.o

.rodata         0x080069e8     0x1ce0
                0x080069e8                . = ALIGN (0x4)
 *(.rodata)
 .rodata        0x080069e8       0xe4 src\MainMenu.o
 .rodata        0x08006acc       0xbc src\ChartsMenu.o
 .rodata        0x08006b88       0x18 src\ChartPanel.o
 .rodata        0x08006ba0       0x10 src\Chart.o
 *(.rodata*)
 .rodata.ASCII16x24_Table
                0x08006bb0     0x11d0 Utilities\Common\fonts.o
                0x08006bb0                ASCII16x24_Table
 .rodata.ASCII8x12_Table
                0x08007d80      0x900 Utilities\Common\fonts.o
                0x08007d80                ASCII8x12_Table
 .rodata.str1.1
                0x08008680        0x2 c:/program files (x86)/atollic/truestudio for arm 5.4.1/armtools/bin/../lib/gcc/arm-atollic-eabi/4.8.3/../../../../arm-atollic-eabi/lib/armv7e-m/fpu\libc.a(lib_a-impure.o)
 .rodata.str1.1
                0x08008682        0x4 c:/program files (x86)/atollic/truestudio for arm 5.4.1/armtools/bin/../lib/gcc/arm-atollic-eabi/4.8.3/../../../../arm-atollic-eabi/lib/armv7e-m/fpu\libm.a(lib_a-w_pow.o)
 *fill*         0x08008686        0x2 
 .rodata.dp_h   0x08008688       0x10 c:/program files (x86)/atollic/truestudio for arm 5.4.1/armtools/bin/../lib/gcc/arm-atollic-eabi/4.8.3/../../../../arm-atollic-eabi/lib/armv7e-m/fpu\libm.a(lib_a-e_pow.o)
 .rodata.dp_l   0x08008698       0x10 c:/program files (x86)/atollic/truestudio for arm 5.4.1/armtools/bin/../lib/gcc/arm-atollic-eabi/4.8.3/../../../../arm-atollic-eabi/lib/armv7e-m/fpu\libm.a(lib_a-e_pow.o)
 .rodata.str1.1
                0x00000000        0x4 c:/program files (x86)/atollic/truestudio for arm 5.4.1/armtools/bin/../lib/gcc/arm-atollic-eabi/4.8.3/../../../../arm-atollic-eabi/lib/armv7e-m/fpu\libm.a(lib_a-e_pow.o)
                                  0x1 (size before relaxing)
 .rodata.bp     0x080086a8       0x10 c:/program files (x86)/atollic/truestudio for arm 5.4.1/armtools/bin/../lib/gcc/arm-atollic-eabi/4.8.3/../../../../arm-atollic-eabi/lib/armv7e-m/fpu\libm.a(lib_a-e_pow.o)
 .rodata.TWO52  0x080086b8       0x10 c:/program files (x86)/atollic/truestudio for arm 5.4.1/armtools/bin/../lib/gcc/arm-atollic-eabi/4.8.3/../../../../arm-atollic-eabi/lib/armv7e-m/fpu\libm.a(lib_a-s_rint.o)
                0x080086c8                . = ALIGN (0x4)

.rel.dyn        0x080086c8        0x0
 .rel.iplt      0x00000000        0x0 c:/program files (x86)/atollic/truestudio for arm 5.4.1/armtools/bin/../lib/gcc/arm-atollic-eabi/4.8.3/armv7e-m/fpu/crtbegin.o

.ARM.extab
 *(.ARM.extab* .gnu.linkonce.armextab.*)

.ARM            0x080086c8        0x0
                0x080086c8                __exidx_start = .
 *(.ARM.exidx*)
                0x080086c8                __exidx_end = .

.preinit_array  0x080086c8        0x0
                0x080086c8                PROVIDE (__preinit_array_start, .)
 *(.preinit_array*)
                0x080086c8                PROVIDE (__preinit_array_end, .)

.init_array     0x080086c8        0x4
                0x080086c8                PROVIDE (__init_array_start, .)
 *(SORT(.init_array.*))
 *(.init_array*)
 .init_array    0x080086c8        0x4 c:/program files (x86)/atollic/truestudio for arm 5.4.1/armtools/bin/../lib/gcc/arm-atollic-eabi/4.8.3/armv7e-m/fpu/crtbegin.o
                0x080086cc                PROVIDE (__init_array_end, .)

.fini_array     0x080086cc        0x4
                0x080086cc                PROVIDE (__fini_array_start, .)
 *(SORT(.fini_array.*))
 *(.fini_array*)
 .fini_array    0x080086cc        0x4 c:/program files (x86)/atollic/truestudio for arm 5.4.1/armtools/bin/../lib/gcc/arm-atollic-eabi/4.8.3/armv7e-m/fpu/crtbegin.o
                0x080086d0                PROVIDE (__fini_array_end, .)
                0x080086d0                _sidata = LOADADDR (.data)

.data           0x20000000      0x12c load address 0x080086d0
                0x20000000                . = ALIGN (0x4)
                0x20000000                _sdata = .
 *(.data)
 *(.data*)
 .data.SystemCoreClock
                0x20000000        0x4 src\system_stm32f4xx.o
                0x20000000                SystemCoreClock
 .data.CurrentBackColor
                0x20000004        0x2 Utilities\STM32F429I-Discovery\stm32f429i_discovery_lcd.o
 *fill*         0x20000006        0x2 
 .data.CurrentFrameBuffer
                0x20000008        0x4 Utilities\STM32F429I-Discovery\stm32f429i_discovery_lcd.o
 .data.IOE_TimeOut
                0x2000000c        0x4 Utilities\STM32F429I-Discovery\stm32f429i_discovery_ioe.o
                0x2000000c                IOE_TimeOut
 .data.sEETimeout
                0x20000010        0x4 Utilities\STM32F429I-Discovery\stm32f429i_discovery_i2c_ee.o
                0x20000010                sEETimeout
 .data.Font16x24
                0x20000014        0x8 Utilities\Common\fonts.o
                0x20000014                Font16x24
 .data.Font8x12
                0x2000001c        0x8 Utilities\Common\fonts.o
                0x2000001c                Font8x12
 .data.APBAHBPrescTable
                0x20000024       0x10 Libraries\STM32F4xx_StdPeriph_Driver\src\stm32f4xx_rcc.o
 .data.impure_data
                0x20000034       0xf0 c:/program files (x86)/atollic/truestudio for arm 5.4.1/armtools/bin/../lib/gcc/arm-atollic-eabi/4.8.3/../../../../arm-atollic-eabi/lib/armv7e-m/fpu\libc.a(lib_a-impure.o)
 .data._impure_ptr
                0x20000124        0x4 c:/program files (x86)/atollic/truestudio for arm 5.4.1/armtools/bin/../lib/gcc/arm-atollic-eabi/4.8.3/../../../../arm-atollic-eabi/lib/armv7e-m/fpu\libc.a(lib_a-impure.o)
                0x20000124                _impure_ptr
 .data.__fdlib_version
                0x20000128        0x1 c:/program files (x86)/atollic/truestudio for arm 5.4.1/armtools/bin/../lib/gcc/arm-atollic-eabi/4.8.3/../../../../arm-atollic-eabi/lib/armv7e-m/fpu\libm.a(lib_a-s_lib_ver.o)
                0x20000128                __fdlib_version
                0x2000012c                . = ALIGN (0x4)
 *fill*         0x20000129        0x3 
                0x2000012c                _edata = .
                0x080087fc                _siccmram = LOADADDR (.ccmram)

.igot.plt       0x2000012c        0x0 load address 0x080087fc
 .igot.plt      0x00000000        0x0 c:/program files (x86)/atollic/truestudio for arm 5.4.1/armtools/bin/../lib/gcc/arm-atollic-eabi/4.8.3/armv7e-m/fpu/crtbegin.o

.ccmram         0x10000000        0x0 load address 0x080087fc
                0x10000000                . = ALIGN (0x4)
                0x10000000                _sccmram = .
 *(.ccmram)
 *(.ccmram*)
                0x10000000                . = ALIGN (0x4)
                0x10000000                _eccmram = .
                0x10000000                . = ALIGN (0x4)

.bss            0x2000012c      0xe30
                0x2000012c                _sbss = .
                0x2000012c                __bss_start__ = _sbss
 *(.bss)
 .bss           0x2000012c       0x1c c:/program files (x86)/atollic/truestudio for arm 5.4.1/armtools/bin/../lib/gcc/arm-atollic-eabi/4.8.3/armv7e-m/fpu/crtbegin.o
 *(.bss*)
 .bss.counter   0x20000148        0x4 src\main.o
 .bss.I2C3_CONFIGURED
                0x2000014c        0x1 src\SharedFunctions.o
 *fill*         0x2000014d        0x3 
 .bss.LCD_Currentfonts
                0x20000150        0x4 Utilities\STM32F429I-Discovery\stm32f429i_discovery_lcd.o
 .bss.CurrentTextColor
                0x20000154        0x2 Utilities\STM32F429I-Discovery\stm32f429i_discovery_lcd.o
 *fill*         0x20000156        0x2 
 .bss.CurrentLayer
                0x20000158        0x4 Utilities\STM32F429I-Discovery\stm32f429i_discovery_lcd.o
 .bss._x.7973   0x2000015c        0x4 Utilities\STM32F429I-Discovery\stm32f429i_discovery_ioe.o
 .bss._y.7974   0x20000160        0x4 Utilities\STM32F429I-Discovery\stm32f429i_discovery_ioe.o
 *(COMMON)
 COMMON         0x20000164      0xde4 src\main.o
                0x20000164                results
 COMMON         0x20000f48        0x8 Utilities\STM32F429I-Discovery\stm32f429i_discovery_ioe.o
                0x20000f48                TP_State
 COMMON         0x20000f50        0xc Utilities\STM32F429I-Discovery\stm32f429i_discovery_i2c_ee.o
                0x20000f50                sEEDataWritePointer
                0x20000f54                sEEDataNum
                0x20000f58                sEEDataReadPointer
                0x20000f5c                . = ALIGN (0x4)
                0x20000f5c                _ebss = .
                0x20000f5c                __bss_end__ = _ebss

._user_heap_stack
                0x20000f5c      0x400
                0x20000f5c                . = ALIGN (0x4)
                0x20000f5c                PROVIDE (end, .)
                0x20000f5c                PROVIDE (_end, .)
                0x20000f5c                . = (. + _Min_Heap_Size)
                0x2000135c                . = (. + _Min_Stack_Size)
 *fill*         0x20000f5c      0x400 
                0x2000135c                . = ALIGN (0x4)

.memory_b1_text
 *(.mb1text)
 *(.mb1text*)
 *(.mb1rodata)
 *(.mb1rodata*)

/DISCARD/
 libc.a(*)
 libm.a(*)
 libgcc.a(*)

.ARM.attributes
                0x00000000       0x30
 *(.ARM.attributes)
 .ARM.attributes
                0x00000000       0x22 c:/program files (x86)/atollic/truestudio for arm 5.4.1/armtools/bin/../lib/gcc/arm-atollic-eabi/4.8.3/armv7e-m/fpu/crti.o
 .ARM.attributes
                0x00000022       0x34 c:/program files (x86)/atollic/truestudio for arm 5.4.1/armtools/bin/../lib/gcc/arm-atollic-eabi/4.8.3/armv7e-m/fpu/crtbegin.o
 .ARM.attributes
                0x00000056       0x39 src\system_stm32f4xx.o
 .ARM.attributes
                0x0000008f       0x39 src\stm32f4xx_it.o
 .ARM.attributes
                0x000000c8       0x21 src\startup_stm32f429x.o
 .ARM.attributes
                0x000000e9       0x39 src\remoteController.o
 .ARM.attributes
                0x00000122       0x39 src\main.o
 .ARM.attributes
                0x0000015b       0x39 src\ds18b20.o
 .ARM.attributes
                0x00000194       0x39 src\SharedFunctions.o
 .ARM.attributes
                0x000001cd       0x39 src\Results.o
 .ARM.attributes
                0x00000206       0x39 src\MainMenu.o
 .ARM.attributes
                0x0000023f       0x39 src\LPS331.o
 .ARM.attributes
                0x00000278       0x39 src\DHT11.o
 .ARM.attributes
                0x000002b1       0x39 src\ChartsMenu.o
 .ARM.attributes
                0x000002ea       0x39 src\ChartPanel.o
 .ARM.attributes
                0x00000323       0x39 src\Chart.o
 .ARM.attributes
                0x0000035c       0x39 src\Button.o
 .ARM.attributes
                0x00000395       0x39 Utilities\STM32F429I-Discovery\stm32f429i_discovery_sdram.o
 .ARM.attributes
                0x000003ce       0x39 Utilities\STM32F429I-Discovery\stm32f429i_discovery_lcd.o
 .ARM.attributes
                0x00000407       0x39 Utilities\STM32F429I-Discovery\stm32f429i_discovery_ioe.o
 .ARM.attributes
                0x00000440       0x39 Utilities\STM32F429I-Discovery\stm32f429i_discovery_i2c_ee.o
 .ARM.attributes
                0x00000479       0x39 Utilities\Common\fonts.o
 .ARM.attributes
                0x000004b2       0x39 Libraries\STM32F4xx_StdPeriph_Driver\src\stm32f4xx_spi.o
 .ARM.attributes
                0x000004eb       0x39 Libraries\STM32F4xx_StdPeriph_Driver\src\stm32f4xx_rcc.o
 .ARM.attributes
                0x00000524       0x39 Libraries\STM32F4xx_StdPeriph_Driver\src\stm32f4xx_ltdc.o
 .ARM.attributes
                0x0000055d       0x39 Libraries\STM32F4xx_StdPeriph_Driver\src\stm32f4xx_i2c.o
 .ARM.attributes
                0x00000596       0x39 Libraries\STM32F4xx_StdPeriph_Driver\src\stm32f4xx_gpio.o
 .ARM.attributes
                0x000005cf       0x39 Libraries\STM32F4xx_StdPeriph_Driver\src\stm32f4xx_fmc.o
 .ARM.attributes
                0x00000608       0x39 Libraries\STM32F4xx_StdPeriph_Driver\src\stm32f4xx_dma2d.o
 .ARM.attributes
                0x00000641       0x39 Libraries\STM32F4xx_StdPeriph_Driver\src\stm32f4xx_dma.o
 .ARM.attributes
                0x0000067a       0x34 c:/program files (x86)/atollic/truestudio for arm 5.4.1/armtools/bin/../lib/gcc/arm-atollic-eabi/4.8.3/../../../../arm-atollic-eabi/lib/armv7e-m/fpu\libc.a(lib_a-init.o)
 .ARM.attributes
                0x000006ae       0x34 c:/program files (x86)/atollic/truestudio for arm 5.4.1/armtools/bin/../lib/gcc/arm-atollic-eabi/4.8.3/../../../../arm-atollic-eabi/lib/armv7e-m/fpu\libc.a(lib_a-strlen.o)
 .ARM.attributes
                0x000006e2       0x34 c:/program files (x86)/atollic/truestudio for arm 5.4.1/armtools/bin/../lib/gcc/arm-atollic-eabi/4.8.3/../../../../arm-atollic-eabi/lib/armv7e-m/fpu\libc.a(lib_a-impure.o)
 .ARM.attributes
                0x00000716       0x34 c:/program files (x86)/atollic/truestudio for arm 5.4.1/armtools/bin/../lib/gcc/arm-atollic-eabi/4.8.3/../../../../arm-atollic-eabi/lib/armv7e-m/fpu\libm.a(lib_a-w_pow.o)
 .ARM.attributes
                0x0000074a       0x34 c:/program files (x86)/atollic/truestudio for arm 5.4.1/armtools/bin/../lib/gcc/arm-atollic-eabi/4.8.3/../../../../arm-atollic-eabi/lib/armv7e-m/fpu\libm.a(lib_a-e_pow.o)
 .ARM.attributes
                0x0000077e       0x34 c:/program files (x86)/atollic/truestudio for arm 5.4.1/armtools/bin/../lib/gcc/arm-atollic-eabi/4.8.3/../../../../arm-atollic-eabi/lib/armv7e-m/fpu\libm.a(lib_a-e_sqrt.o)
 .ARM.attributes
                0x000007b2       0x34 c:/program files (x86)/atollic/truestudio for arm 5.4.1/armtools/bin/../lib/gcc/arm-atollic-eabi/4.8.3/../../../../arm-atollic-eabi/lib/armv7e-m/fpu\libm.a(lib_a-s_fabs.o)
 .ARM.attributes
                0x000007e6       0x34 c:/program files (x86)/atollic/truestudio for arm 5.4.1/armtools/bin/../lib/gcc/arm-atollic-eabi/4.8.3/../../../../arm-atollic-eabi/lib/armv7e-m/fpu\libm.a(lib_a-s_finite.o)
 .ARM.attributes
                0x0000081a       0x34 c:/program files (x86)/atollic/truestudio for arm 5.4.1/armtools/bin/../lib/gcc/arm-atollic-eabi/4.8.3/../../../../arm-atollic-eabi/lib/armv7e-m/fpu\libm.a(lib_a-s_fpclassify.o)
 .ARM.attributes
                0x0000084e       0x34 c:/program files (x86)/atollic/truestudio for arm 5.4.1/armtools/bin/../lib/gcc/arm-atollic-eabi/4.8.3/../../../../arm-atollic-eabi/lib/armv7e-m/fpu\libm.a(lib_a-s_lib_ver.o)
 .ARM.attributes
                0x00000882       0x34 c:/program files (x86)/atollic/truestudio for arm 5.4.1/armtools/bin/../lib/gcc/arm-atollic-eabi/4.8.3/../../../../arm-atollic-eabi/lib/armv7e-m/fpu\libm.a(lib_a-s_matherr.o)
 .ARM.attributes
                0x000008b6       0x34 c:/program files (x86)/atollic/truestudio for arm 5.4.1/armtools/bin/../lib/gcc/arm-atollic-eabi/4.8.3/../../../../arm-atollic-eabi/lib/armv7e-m/fpu\libm.a(lib_a-s_nan.o)
 .ARM.attributes
                0x000008ea       0x34 c:/program files (x86)/atollic/truestudio for arm 5.4.1/armtools/bin/../lib/gcc/arm-atollic-eabi/4.8.3/../../../../arm-atollic-eabi/lib/armv7e-m/fpu\libm.a(lib_a-s_rint.o)
 .ARM.attributes
                0x0000091e       0x34 c:/program files (x86)/atollic/truestudio for arm 5.4.1/armtools/bin/../lib/gcc/arm-atollic-eabi/4.8.3/../../../../arm-atollic-eabi/lib/armv7e-m/fpu\libm.a(lib_a-s_scalbn.o)
 .ARM.attributes
                0x00000952       0x34 c:/program files (x86)/atollic/truestudio for arm 5.4.1/armtools/bin/../lib/gcc/arm-atollic-eabi/4.8.3/../../../../arm-atollic-eabi/lib/armv7e-m/fpu\libm.a(lib_a-s_copysign.o)
 .ARM.attributes
                0x00000986       0x34 c:/program files (x86)/atollic/truestudio for arm 5.4.1/armtools/bin/../lib/gcc/arm-atollic-eabi/4.8.3/../../../../arm-atollic-eabi/lib/armv7e-m/fpu\libc.a(lib_a-errno.o)
 .ARM.attributes
                0x000009ba       0x22 c:/program files (x86)/atollic/truestudio for arm 5.4.1/armtools/bin/../lib/gcc/arm-atollic-eabi/4.8.3/armv7e-m/fpu\libgcc.a(_arm_addsubdf3.o)
 .ARM.attributes
                0x000009dc       0x22 c:/program files (x86)/atollic/truestudio for arm 5.4.1/armtools/bin/../lib/gcc/arm-atollic-eabi/4.8.3/armv7e-m/fpu\libgcc.a(_arm_muldivdf3.o)
 .ARM.attributes
                0x000009fe       0x22 c:/program files (x86)/atollic/truestudio for arm 5.4.1/armtools/bin/../lib/gcc/arm-atollic-eabi/4.8.3/armv7e-m/fpu\libgcc.a(_arm_cmpdf2.o)
 .ARM.attributes
                0x00000a20       0x22 c:/program files (x86)/atollic/truestudio for arm 5.4.1/armtools/bin/../lib/gcc/arm-atollic-eabi/4.8.3/armv7e-m/fpu\libgcc.a(_arm_truncdfsf2.o)
 .ARM.attributes
                0x00000a42       0x22 c:/program files (x86)/atollic/truestudio for arm 5.4.1/armtools/bin/../lib/gcc/arm-atollic-eabi/4.8.3/armv7e-m/fpu/crtn.o
OUTPUT(SysWbud.elf elf32-littlearm)

.debug_info     0x00000000     0xc5ea
 .debug_info    0x00000000      0x5bd src\system_stm32f4xx.o
 .debug_info    0x000005bd      0x122 src\stm32f4xx_it.o
 .debug_info    0x000006df       0x82 src\startup_stm32f429x.o
 .debug_info    0x00000761      0x1fa src\remoteController.o
 .debug_info    0x0000095b      0x889 src\main.o
 .debug_info    0x000011e4      0x765 src\ds18b20.o
 .debug_info    0x00001949      0x9ca src\SharedFunctions.o
 .debug_info    0x00002313      0x3b2 src\Results.o
 .debug_info    0x000026c5      0x43c src\MainMenu.o
 .debug_info    0x00002b01      0x2df src\LPS331.o
 .debug_info    0x00002de0      0x763 src\DHT11.o
 .debug_info    0x00003543      0x341 src\ChartsMenu.o
 .debug_info    0x00003884      0x38b src\ChartPanel.o
 .debug_info    0x00003c0f      0x1d3 src\Chart.o
 .debug_info    0x00003de2      0x421 src\Button.o
 .debug_info    0x00004203      0x579 Utilities\STM32F429I-Discovery\stm32f429i_discovery_sdram.o
 .debug_info    0x0000477c     0x186e Utilities\STM32F429I-Discovery\stm32f429i_discovery_lcd.o
 .debug_info    0x00005fea      0xbba Utilities\STM32F429I-Discovery\stm32f429i_discovery_ioe.o
 .debug_info    0x00006ba4      0x4fa Utilities\STM32F429I-Discovery\stm32f429i_discovery_i2c_ee.o
 .debug_info    0x0000709e      0x19e Utilities\Common\fonts.o
 .debug_info    0x0000723c      0xb25 Libraries\STM32F4xx_StdPeriph_Driver\src\stm32f4xx_spi.o
 .debug_info    0x00007d61      0xe15 Libraries\STM32F4xx_StdPeriph_Driver\src\stm32f4xx_rcc.o
 .debug_info    0x00008b76      0xcfc Libraries\STM32F4xx_StdPeriph_Driver\src\stm32f4xx_ltdc.o
 .debug_info    0x00009872      0xb8b Libraries\STM32F4xx_StdPeriph_Driver\src\stm32f4xx_i2c.o
 .debug_info    0x0000a3fd      0x609 Libraries\STM32F4xx_StdPeriph_Driver\src\stm32f4xx_gpio.o
 .debug_info    0x0000aa06      0xc8a Libraries\STM32F4xx_StdPeriph_Driver\src\stm32f4xx_fmc.o
 .debug_info    0x0000b690      0x81d Libraries\STM32F4xx_StdPeriph_Driver\src\stm32f4xx_dma2d.o
 .debug_info    0x0000bead      0x73d Libraries\STM32F4xx_StdPeriph_Driver\src\stm32f4xx_dma.o

.debug_abbrev   0x00000000     0x2628
 .debug_abbrev  0x00000000      0x138 src\system_stm32f4xx.o
 .debug_abbrev  0x00000138       0x67 src\stm32f4xx_it.o
 .debug_abbrev  0x0000019f       0x12 src\startup_stm32f429x.o
 .debug_abbrev  0x000001b1       0xd1 src\remoteController.o
 .debug_abbrev  0x00000282      0x1e4 src\main.o
 .debug_abbrev  0x00000466      0x200 src\ds18b20.o
 .debug_abbrev  0x00000666      0x1b8 src\SharedFunctions.o
 .debug_abbrev  0x0000081e      0x14d src\Results.o
 .debug_abbrev  0x0000096b      0x15f src\MainMenu.o
 .debug_abbrev  0x00000aca       0xfa src\LPS331.o
 .debug_abbrev  0x00000bc4      0x17c src\DHT11.o
 .debug_abbrev  0x00000d40      0x117 src\ChartsMenu.o
 .debug_abbrev  0x00000e57      0x147 src\ChartPanel.o
 .debug_abbrev  0x00000f9e       0xeb src\Chart.o
 .debug_abbrev  0x00001089      0x153 src\Button.o
 .debug_abbrev  0x000011dc      0x163 Utilities\STM32F429I-Discovery\stm32f429i_discovery_sdram.o
 .debug_abbrev  0x0000133f      0x237 Utilities\STM32F429I-Discovery\stm32f429i_discovery_lcd.o
 .debug_abbrev  0x00001576      0x229 Utilities\STM32F429I-Discovery\stm32f429i_discovery_ioe.o
 .debug_abbrev  0x0000179f      0x1b4 Utilities\STM32F429I-Discovery\stm32f429i_discovery_i2c_ee.o
 .debug_abbrev  0x00001953       0x95 Utilities\Common\fonts.o
 .debug_abbrev  0x000019e8      0x169 Libraries\STM32F4xx_StdPeriph_Driver\src\stm32f4xx_spi.o
 .debug_abbrev  0x00001b51      0x1bc Libraries\STM32F4xx_StdPeriph_Driver\src\stm32f4xx_rcc.o
 .debug_abbrev  0x00001d0d      0x190 Libraries\STM32F4xx_StdPeriph_Driver\src\stm32f4xx_ltdc.o
 .debug_abbrev  0x00001e9d      0x166 Libraries\STM32F4xx_StdPeriph_Driver\src\stm32f4xx_i2c.o
 .debug_abbrev  0x00002003      0x1a5 Libraries\STM32F4xx_StdPeriph_Driver\src\stm32f4xx_gpio.o
 .debug_abbrev  0x000021a8      0x181 Libraries\STM32F4xx_StdPeriph_Driver\src\stm32f4xx_fmc.o
 .debug_abbrev  0x00002329      0x1a8 Libraries\STM32F4xx_StdPeriph_Driver\src\stm32f4xx_dma2d.o
 .debug_abbrev  0x000024d1      0x157 Libraries\STM32F4xx_StdPeriph_Driver\src\stm32f4xx_dma.o

.debug_aranges  0x00000000      0xe28
 .debug_aranges
                0x00000000       0x30 src\system_stm32f4xx.o
 .debug_aranges
                0x00000030       0x58 src\stm32f4xx_it.o
 .debug_aranges
                0x00000088       0x28 src\startup_stm32f429x.o
 .debug_aranges
                0x000000b0       0x28 src\remoteController.o
 .debug_aranges
                0x000000d8       0x48 src\main.o
 .debug_aranges
                0x00000120       0x60 src\ds18b20.o
 .debug_aranges
                0x00000180       0x38 src\SharedFunctions.o
 .debug_aranges
                0x000001b8       0x30 src\Results.o
 .debug_aranges
                0x000001e8       0x28 src\MainMenu.o
 .debug_aranges
                0x00000210       0x28 src\LPS331.o
 .debug_aranges
                0x00000238       0x40 src\DHT11.o
 .debug_aranges
                0x00000278       0x20 src\ChartsMenu.o
 .debug_aranges
                0x00000298       0x20 src\ChartPanel.o
 .debug_aranges
                0x000002b8       0x20 src\Chart.o
 .debug_aranges
                0x000002d8       0x50 src\Button.o
 .debug_aranges
                0x00000328       0x48 Utilities\STM32F429I-Discovery\stm32f429i_discovery_sdram.o
 .debug_aranges
                0x00000370      0x1b0 Utilities\STM32F429I-Discovery\stm32f429i_discovery_lcd.o
 .debug_aranges
                0x00000520       0xf0 Utilities\STM32F429I-Discovery\stm32f429i_discovery_ioe.o
 .debug_aranges
                0x00000610       0x58 Utilities\STM32F429I-Discovery\stm32f429i_discovery_i2c_ee.o
 .debug_aranges
                0x00000668       0x18 Utilities\Common\fonts.o
 .debug_aranges
                0x00000680       0xe0 Libraries\STM32F4xx_StdPeriph_Driver\src\stm32f4xx_spi.o
 .debug_aranges
                0x00000760      0x1b8 Libraries\STM32F4xx_StdPeriph_Driver\src\stm32f4xx_rcc.o
 .debug_aranges
                0x00000918      0x108 Libraries\STM32F4xx_StdPeriph_Driver\src\stm32f4xx_ltdc.o
 .debug_aranges
                0x00000a20      0x130 Libraries\STM32F4xx_StdPeriph_Driver\src\stm32f4xx_i2c.o
 .debug_aranges
                0x00000b50       0x88 Libraries\STM32F4xx_StdPeriph_Driver\src\stm32f4xx_gpio.o
 .debug_aranges
                0x00000bd8       0xf0 Libraries\STM32F4xx_StdPeriph_Driver\src\stm32f4xx_fmc.o
 .debug_aranges
                0x00000cc8       0xb0 Libraries\STM32F4xx_StdPeriph_Driver\src\stm32f4xx_dma2d.o
 .debug_aranges
                0x00000d78       0xb0 Libraries\STM32F4xx_StdPeriph_Driver\src\stm32f4xx_dma.o

.debug_ranges   0x00000000      0xc68
 .debug_ranges  0x00000000       0x20 src\system_stm32f4xx.o
 .debug_ranges  0x00000020       0x48 src\stm32f4xx_it.o
 .debug_ranges  0x00000068       0x20 src\startup_stm32f429x.o
 .debug_ranges  0x00000088       0x18 src\remoteController.o
 .debug_ranges  0x000000a0       0x38 src\main.o
 .debug_ranges  0x000000d8       0x50 src\ds18b20.o
 .debug_ranges  0x00000128       0x28 src\SharedFunctions.o
 .debug_ranges  0x00000150       0x20 src\Results.o
 .debug_ranges  0x00000170       0x18 src\MainMenu.o
 .debug_ranges  0x00000188       0x18 src\LPS331.o
 .debug_ranges  0x000001a0       0x30 src\DHT11.o
 .debug_ranges  0x000001d0       0x10 src\ChartsMenu.o
 .debug_ranges  0x000001e0       0x10 src\ChartPanel.o
 .debug_ranges  0x000001f0       0x10 src\Chart.o
 .debug_ranges  0x00000200       0x40 src\Button.o
 .debug_ranges  0x00000240       0x38 Utilities\STM32F429I-Discovery\stm32f429i_discovery_sdram.o
 .debug_ranges  0x00000278      0x1a0 Utilities\STM32F429I-Discovery\stm32f429i_discovery_lcd.o
 .debug_ranges  0x00000418       0xe0 Utilities\STM32F429I-Discovery\stm32f429i_discovery_ioe.o
 .debug_ranges  0x000004f8       0x48 Utilities\STM32F429I-Discovery\stm32f429i_discovery_i2c_ee.o
 .debug_ranges  0x00000540       0xd0 Libraries\STM32F4xx_StdPeriph_Driver\src\stm32f4xx_spi.o
 .debug_ranges  0x00000610      0x1a8 Libraries\STM32F4xx_StdPeriph_Driver\src\stm32f4xx_rcc.o
 .debug_ranges  0x000007b8       0xf8 Libraries\STM32F4xx_StdPeriph_Driver\src\stm32f4xx_ltdc.o
 .debug_ranges  0x000008b0      0x120 Libraries\STM32F4xx_StdPeriph_Driver\src\stm32f4xx_i2c.o
 .debug_ranges  0x000009d0       0x78 Libraries\STM32F4xx_StdPeriph_Driver\src\stm32f4xx_gpio.o
 .debug_ranges  0x00000a48       0xe0 Libraries\STM32F4xx_StdPeriph_Driver\src\stm32f4xx_fmc.o
 .debug_ranges  0x00000b28       0xa0 Libraries\STM32F4xx_StdPeriph_Driver\src\stm32f4xx_dma2d.o
 .debug_ranges  0x00000bc8       0xa0 Libraries\STM32F4xx_StdPeriph_Driver\src\stm32f4xx_dma.o

.debug_line     0x00000000     0x5e48
 .debug_line    0x00000000      0x1f9 src\system_stm32f4xx.o
 .debug_line    0x000001f9      0x1d1 src\stm32f4xx_it.o
 .debug_line    0x000003ca       0x7a src\startup_stm32f429x.o
 .debug_line    0x00000444      0x1ba src\remoteController.o
 .debug_line    0x000005fe      0x25a src\main.o
 .debug_line    0x00000858      0x30c src\ds18b20.o
 .debug_line    0x00000b64      0x2c8 src\SharedFunctions.o
 .debug_line    0x00000e2c      0x252 src\Results.o
 .debug_line    0x0000107e      0x259 src\MainMenu.o
 .debug_line    0x000012d7      0x236 src\LPS331.o
 .debug_line    0x0000150d      0x2b6 src\DHT11.o
 .debug_line    0x000017c3      0x1fd src\ChartsMenu.o
 .debug_line    0x000019c0      0x1d5 src\ChartPanel.o
 .debug_line    0x00001b95      0x19e src\Chart.o
 .debug_line    0x00001d33      0x265 src\Button.o
 .debug_line    0x00001f98      0x33f Utilities\STM32F429I-Discovery\stm32f429i_discovery_sdram.o
 .debug_line    0x000022d7      0xa04 Utilities\STM32F429I-Discovery\stm32f429i_discovery_lcd.o
 .debug_line    0x00002cdb      0x758 Utilities\STM32F429I-Discovery\stm32f429i_discovery_ioe.o
 .debug_line    0x00003433      0x489 Utilities\STM32F429I-Discovery\stm32f429i_discovery_i2c_ee.o
 .debug_line    0x000038bc      0x123 Utilities\Common\fonts.o
 .debug_line    0x000039df      0x448 Libraries\STM32F4xx_StdPeriph_Driver\src\stm32f4xx_spi.o
 .debug_line    0x00003e27      0x62e Libraries\STM32F4xx_StdPeriph_Driver\src\stm32f4xx_rcc.o
 .debug_line    0x00004455      0x4f0 Libraries\STM32F4xx_StdPeriph_Driver\src\stm32f4xx_ltdc.o
 .debug_line    0x00004945      0x4f2 Libraries\STM32F4xx_StdPeriph_Driver\src\stm32f4xx_i2c.o
 .debug_line    0x00004e37      0x332 Libraries\STM32F4xx_StdPeriph_Driver\src\stm32f4xx_gpio.o
 .debug_line    0x00005169      0x555 Libraries\STM32F4xx_StdPeriph_Driver\src\stm32f4xx_fmc.o
 .debug_line    0x000056be      0x3c1 Libraries\STM32F4xx_StdPeriph_Driver\src\stm32f4xx_dma2d.o
 .debug_line    0x00005a7f      0x3c9 Libraries\STM32F4xx_StdPeriph_Driver\src\stm32f4xx_dma.o

.debug_str      0x00000000     0x4899
 .debug_str     0x00000000      0x3a4 src\system_stm32f4xx.o
                                0x418 (size before relaxing)
 .debug_str     0x000003a4       0x96 src\stm32f4xx_it.o
                                0x23e (size before relaxing)
 .debug_str     0x0000043a      0x19b src\remoteController.o
                                0x36b (size before relaxing)
 .debug_str     0x000005d5      0x733 src\main.o
                                0x9a9 (size before relaxing)
 .debug_str     0x00000d08      0x203 src\ds18b20.o
                                0x53f (size before relaxing)
 .debug_str     0x00000f0b      0x11e src\SharedFunctions.o
                                0x74f (size before relaxing)
 .debug_str     0x00001029      0x168 src\Results.o
                                0x446 (size before relaxing)
 .debug_str     0x00001191       0xb6 src\MainMenu.o
                                0x3d2 (size before relaxing)
 .debug_str     0x00001247       0x5e src\LPS331.o
                                0x318 (size before relaxing)
 .debug_str     0x000012a5      0x119 src\DHT11.o
                                0x538 (size before relaxing)
 .debug_str     0x000013be       0x3b src\ChartsMenu.o
                                0x376 (size before relaxing)
 .debug_str     0x000013f9       0x53 src\ChartPanel.o
                                0x39a (size before relaxing)
 .debug_str     0x0000144c       0x45 src\Chart.o
                                0x21e (size before relaxing)
 .debug_str     0x00001491       0xcf src\Button.o
                                0x2da (size before relaxing)
 .debug_str     0x00001560      0x32b Utilities\STM32F429I-Discovery\stm32f429i_discovery_sdram.o
                                0x6ad (size before relaxing)
 .debug_str     0x0000188b      0xa8b Utilities\STM32F429I-Discovery\stm32f429i_discovery_lcd.o
                                0xf41 (size before relaxing)
 .debug_str     0x00002316      0x2f2 Utilities\STM32F429I-Discovery\stm32f429i_discovery_ioe.o
                                0x8f5 (size before relaxing)
 .debug_str     0x00002608      0x171 Utilities\STM32F429I-Discovery\stm32f429i_discovery_i2c_ee.o
                                0x494 (size before relaxing)
 .debug_str     0x00002779       0x6f Utilities\Common\fonts.o
                                0x23f (size before relaxing)
 .debug_str     0x000027e8      0x30e Libraries\STM32F4xx_StdPeriph_Driver\src\stm32f4xx_spi.o
                                0x710 (size before relaxing)
 .debug_str     0x00002af6      0x688 Libraries\STM32F4xx_StdPeriph_Driver\src\stm32f4xx_rcc.o
                                0xa10 (size before relaxing)
 .debug_str     0x0000317e      0x486 Libraries\STM32F4xx_StdPeriph_Driver\src\stm32f4xx_ltdc.o
                                0xa9b (size before relaxing)
 .debug_str     0x00003604      0x362 Libraries\STM32F4xx_StdPeriph_Driver\src\stm32f4xx_i2c.o
                                0x725 (size before relaxing)
 .debug_str     0x00003966      0x158 Libraries\STM32F4xx_StdPeriph_Driver\src\stm32f4xx_gpio.o
                                0x516 (size before relaxing)
 .debug_str     0x00003abe      0x6d0 Libraries\STM32F4xx_StdPeriph_Driver\src\stm32f4xx_fmc.o
                                0xade (size before relaxing)
 .debug_str     0x0000418e      0x4b7 Libraries\STM32F4xx_StdPeriph_Driver\src\stm32f4xx_dma2d.o
                                0x7a9 (size before relaxing)
 .debug_str     0x00004645      0x254 Libraries\STM32F4xx_StdPeriph_Driver\src\stm32f4xx_dma.o
                                0x5b5 (size before relaxing)

.comment        0x00000000       0x82
 .comment       0x00000000       0x82 src\system_stm32f4xx.o
                                 0x83 (size before relaxing)
 .comment       0x00000000       0x83 src\stm32f4xx_it.o
 .comment       0x00000000       0x83 src\remoteController.o
 .comment       0x00000000       0x83 src\main.o
 .comment       0x00000000       0x83 src\ds18b20.o
 .comment       0x00000000       0x83 src\SharedFunctions.o
 .comment       0x00000000       0x83 src\Results.o
 .comment       0x00000000       0x83 src\MainMenu.o
 .comment       0x00000000       0x83 src\LPS331.o
 .comment       0x00000000       0x83 src\DHT11.o
 .comment       0x00000000       0x83 src\ChartsMenu.o
 .comment       0x00000000       0x83 src\ChartPanel.o
 .comment       0x00000000       0x83 src\Chart.o
 .comment       0x00000000       0x83 src\Button.o
 .comment       0x00000000       0x83 Utilities\STM32F429I-Discovery\stm32f429i_discovery_sdram.o
 .comment       0x00000000       0x83 Utilities\STM32F429I-Discovery\stm32f429i_discovery_lcd.o
 .comment       0x00000000       0x83 Utilities\STM32F429I-Discovery\stm32f429i_discovery_ioe.o
 .comment       0x00000000       0x83 Utilities\STM32F429I-Discovery\stm32f429i_discovery_i2c_ee.o
 .comment       0x00000000       0x83 Utilities\Common\fonts.o
 .comment       0x00000000       0x83 Libraries\STM32F4xx_StdPeriph_Driver\src\stm32f4xx_spi.o
 .comment       0x00000000       0x83 Libraries\STM32F4xx_StdPeriph_Driver\src\stm32f4xx_rcc.o
 .comment       0x00000000       0x83 Libraries\STM32F4xx_StdPeriph_Driver\src\stm32f4xx_ltdc.o
 .comment       0x00000000       0x83 Libraries\STM32F4xx_StdPeriph_Driver\src\stm32f4xx_i2c.o
 .comment       0x00000000       0x83 Libraries\STM32F4xx_StdPeriph_Driver\src\stm32f4xx_gpio.o
 .comment       0x00000000       0x83 Libraries\STM32F4xx_StdPeriph_Driver\src\stm32f4xx_fmc.o
 .comment       0x00000000       0x83 Libraries\STM32F4xx_StdPeriph_Driver\src\stm32f4xx_dma2d.o
 .comment       0x00000000       0x83 Libraries\STM32F4xx_StdPeriph_Driver\src\stm32f4xx_dma.o

.debug_frame    0x00000000     0x2d40
 .debug_frame   0x00000000       0x64 src\system_stm32f4xx.o
 .debug_frame   0x00000064       0xd0 src\stm32f4xx_it.o
 .debug_frame   0x00000134       0x44 src\remoteController.o
 .debug_frame   0x00000178       0xb8 src\main.o
 .debug_frame   0x00000230      0x110 src\ds18b20.o
 .debug_frame   0x00000340       0x88 src\SharedFunctions.o
 .debug_frame   0x000003c8       0x6c src\Results.o
 .debug_frame   0x00000434       0x50 src\MainMenu.o
 .debug_frame   0x00000484       0x4c src\LPS331.o
 .debug_frame   0x000004d0       0xa0 src\DHT11.o
 .debug_frame   0x00000570       0x30 src\ChartsMenu.o
 .debug_frame   0x000005a0       0x30 src\ChartPanel.o
 .debug_frame   0x000005d0       0x30 src\Chart.o
 .debug_frame   0x00000600       0xf4 src\Button.o
 .debug_frame   0x000006f4       0xcc Utilities\STM32F429I-Discovery\stm32f429i_discovery_sdram.o
 .debug_frame   0x000007c0      0x628 Utilities\STM32F429I-Discovery\stm32f429i_discovery_lcd.o
 .debug_frame   0x00000de8      0x358 Utilities\STM32F429I-Discovery\stm32f429i_discovery_ioe.o
 .debug_frame   0x00001140      0x104 Utilities\STM32F429I-Discovery\stm32f429i_discovery_i2c_ee.o
 .debug_frame   0x00001244      0x2d0 Libraries\STM32F4xx_StdPeriph_Driver\src\stm32f4xx_spi.o
 .debug_frame   0x00001514      0x5b8 Libraries\STM32F4xx_StdPeriph_Driver\src\stm32f4xx_rcc.o
 .debug_frame   0x00001acc      0x358 Libraries\STM32F4xx_StdPeriph_Driver\src\stm32f4xx_ltdc.o
 .debug_frame   0x00001e24      0x3ec Libraries\STM32F4xx_StdPeriph_Driver\src\stm32f4xx_i2c.o
 .debug_frame   0x00002210      0x19c Libraries\STM32F4xx_StdPeriph_Driver\src\stm32f4xx_gpio.o
 .debug_frame   0x000023ac      0x300 Libraries\STM32F4xx_StdPeriph_Driver\src\stm32f4xx_fmc.o
 .debug_frame   0x000026ac      0x21c Libraries\STM32F4xx_StdPeriph_Driver\src\stm32f4xx_dma2d.o
 .debug_frame   0x000028c8      0x224 Libraries\STM32F4xx_StdPeriph_Driver\src\stm32f4xx_dma.o
 .debug_frame   0x00002aec       0x2c c:/program files (x86)/atollic/truestudio for arm 5.4.1/armtools/bin/../lib/gcc/arm-atollic-eabi/4.8.3/../../../../arm-atollic-eabi/lib/armv7e-m/fpu\libc.a(lib_a-init.o)
 .debug_frame   0x00002b18       0x20 c:/program files (x86)/atollic/truestudio for arm 5.4.1/armtools/bin/../lib/gcc/arm-atollic-eabi/4.8.3/../../../../arm-atollic-eabi/lib/armv7e-m/fpu\libc.a(lib_a-strlen.o)
 .debug_frame   0x00002b38       0x40 c:/program files (x86)/atollic/truestudio for arm 5.4.1/armtools/bin/../lib/gcc/arm-atollic-eabi/4.8.3/../../../../arm-atollic-eabi/lib/armv7e-m/fpu\libm.a(lib_a-w_pow.o)
 .debug_frame   0x00002b78       0x40 c:/program files (x86)/atollic/truestudio for arm 5.4.1/armtools/bin/../lib/gcc/arm-atollic-eabi/4.8.3/../../../../arm-atollic-eabi/lib/armv7e-m/fpu\libm.a(lib_a-e_pow.o)
 .debug_frame   0x00002bb8       0x34 c:/program files (x86)/atollic/truestudio for arm 5.4.1/armtools/bin/../lib/gcc/arm-atollic-eabi/4.8.3/../../../../arm-atollic-eabi/lib/armv7e-m/fpu\libm.a(lib_a-e_sqrt.o)
 .debug_frame   0x00002bec       0x20 c:/program files (x86)/atollic/truestudio for arm 5.4.1/armtools/bin/../lib/gcc/arm-atollic-eabi/4.8.3/../../../../arm-atollic-eabi/lib/armv7e-m/fpu\libm.a(lib_a-s_fabs.o)
 .debug_frame   0x00002c0c       0x20 c:/program files (x86)/atollic/truestudio for arm 5.4.1/armtools/bin/../lib/gcc/arm-atollic-eabi/4.8.3/../../../../arm-atollic-eabi/lib/armv7e-m/fpu\libm.a(lib_a-s_finite.o)
 .debug_frame   0x00002c2c       0x28 c:/program files (x86)/atollic/truestudio for arm 5.4.1/armtools/bin/../lib/gcc/arm-atollic-eabi/4.8.3/../../../../arm-atollic-eabi/lib/armv7e-m/fpu\libm.a(lib_a-s_fpclassify.o)
 .debug_frame   0x00002c54       0x20 c:/program files (x86)/atollic/truestudio for arm 5.4.1/armtools/bin/../lib/gcc/arm-atollic-eabi/4.8.3/../../../../arm-atollic-eabi/lib/armv7e-m/fpu\libm.a(lib_a-s_matherr.o)
 .debug_frame   0x00002c74       0x20 c:/program files (x86)/atollic/truestudio for arm 5.4.1/armtools/bin/../lib/gcc/arm-atollic-eabi/4.8.3/../../../../arm-atollic-eabi/lib/armv7e-m/fpu\libm.a(lib_a-s_nan.o)
 .debug_frame   0x00002c94       0x34 c:/program files (x86)/atollic/truestudio for arm 5.4.1/armtools/bin/../lib/gcc/arm-atollic-eabi/4.8.3/../../../../arm-atollic-eabi/lib/armv7e-m/fpu\libm.a(lib_a-s_rint.o)
 .debug_frame   0x00002cc8       0x2c c:/program files (x86)/atollic/truestudio for arm 5.4.1/armtools/bin/../lib/gcc/arm-atollic-eabi/4.8.3/../../../../arm-atollic-eabi/lib/armv7e-m/fpu\libm.a(lib_a-s_scalbn.o)
 .debug_frame   0x00002cf4       0x2c c:/program files (x86)/atollic/truestudio for arm 5.4.1/armtools/bin/../lib/gcc/arm-atollic-eabi/4.8.3/../../../../arm-atollic-eabi/lib/armv7e-m/fpu\libm.a(lib_a-s_copysign.o)
 .debug_frame   0x00002d20       0x20 c:/program files (x86)/atollic/truestudio for arm 5.4.1/armtools/bin/../lib/gcc/arm-atollic-eabi/4.8.3/../../../../arm-atollic-eabi/lib/armv7e-m/fpu\libc.a(lib_a-errno.o)

Cross Reference Table

Symbol                                            File
ADC_AnalogWatchdogCmd                             Libraries\STM32F4xx_StdPeriph_Driver\src\stm32f4xx_adc.o
ADC_AnalogWatchdogSingleChannelConfig             Libraries\STM32F4xx_StdPeriph_Driver\src\stm32f4xx_adc.o
ADC_AnalogWatchdogThresholdsConfig                Libraries\STM32F4xx_StdPeriph_Driver\src\stm32f4xx_adc.o
ADC_AutoInjectedConvCmd                           Libraries\STM32F4xx_StdPeriph_Driver\src\stm32f4xx_adc.o
ADC_ClearFlag                                     Libraries\STM32F4xx_StdPeriph_Driver\src\stm32f4xx_adc.o
ADC_ClearITPendingBit                             Libraries\STM32F4xx_StdPeriph_Driver\src\stm32f4xx_adc.o
ADC_Cmd                                           Libraries\STM32F4xx_StdPeriph_Driver\src\stm32f4xx_adc.o
                                                  src\SEN0159.o
ADC_CommonInit                                    Libraries\STM32F4xx_StdPeriph_Driver\src\stm32f4xx_adc.o
ADC_CommonStructInit                              Libraries\STM32F4xx_StdPeriph_Driver\src\stm32f4xx_adc.o
ADC_ContinuousModeCmd                             Libraries\STM32F4xx_StdPeriph_Driver\src\stm32f4xx_adc.o
ADC_DMACmd                                        Libraries\STM32F4xx_StdPeriph_Driver\src\stm32f4xx_adc.o
ADC_DMARequestAfterLastTransferCmd                Libraries\STM32F4xx_StdPeriph_Driver\src\stm32f4xx_adc.o
ADC_DeInit                                        Libraries\STM32F4xx_StdPeriph_Driver\src\stm32f4xx_adc.o
                                                  src\SEN0159.o
ADC_DiscModeChannelCountConfig                    Libraries\STM32F4xx_StdPeriph_Driver\src\stm32f4xx_adc.o
ADC_DiscModeCmd                                   Libraries\STM32F4xx_StdPeriph_Driver\src\stm32f4xx_adc.o
ADC_EOCOnEachRegularChannelCmd                    Libraries\STM32F4xx_StdPeriph_Driver\src\stm32f4xx_adc.o
ADC_ExternalTrigInjectedConvConfig                Libraries\STM32F4xx_StdPeriph_Driver\src\stm32f4xx_adc.o
ADC_ExternalTrigInjectedConvEdgeConfig            Libraries\STM32F4xx_StdPeriph_Driver\src\stm32f4xx_adc.o
ADC_GetConversionValue                            Libraries\STM32F4xx_StdPeriph_Driver\src\stm32f4xx_adc.o
                                                  src\SEN0159.o
ADC_GetFlagStatus                                 Libraries\STM32F4xx_StdPeriph_Driver\src\stm32f4xx_adc.o
                                                  src\SEN0159.o
ADC_GetITStatus                                   Libraries\STM32F4xx_StdPeriph_Driver\src\stm32f4xx_adc.o
ADC_GetInjectedConversionValue                    Libraries\STM32F4xx_StdPeriph_Driver\src\stm32f4xx_adc.o
ADC_GetMultiModeConversionValue                   Libraries\STM32F4xx_StdPeriph_Driver\src\stm32f4xx_adc.o
ADC_GetSoftwareStartConvStatus                    Libraries\STM32F4xx_StdPeriph_Driver\src\stm32f4xx_adc.o
ADC_GetSoftwareStartInjectedConvCmdStatus         Libraries\STM32F4xx_StdPeriph_Driver\src\stm32f4xx_adc.o
ADC_IRQHandler                                    src\startup_stm32f429x.o
ADC_ITConfig                                      Libraries\STM32F4xx_StdPeriph_Driver\src\stm32f4xx_adc.o
ADC_Init                                          Libraries\STM32F4xx_StdPeriph_Driver\src\stm32f4xx_adc.o
                                                  src\SEN0159.o
ADC_InjectedChannelConfig                         Libraries\STM32F4xx_StdPeriph_Driver\src\stm32f4xx_adc.o
ADC_InjectedDiscModeCmd                           Libraries\STM32F4xx_StdPeriph_Driver\src\stm32f4xx_adc.o
ADC_InjectedSequencerLengthConfig                 Libraries\STM32F4xx_StdPeriph_Driver\src\stm32f4xx_adc.o
ADC_MultiModeDMARequestAfterLastTransferCmd       Libraries\STM32F4xx_StdPeriph_Driver\src\stm32f4xx_adc.o
ADC_RegularChannelConfig                          Libraries\STM32F4xx_StdPeriph_Driver\src\stm32f4xx_adc.o
                                                  src\SEN0159.o
ADC_SetInjectedOffset                             Libraries\STM32F4xx_StdPeriph_Driver\src\stm32f4xx_adc.o
ADC_SoftwareStartConv                             Libraries\STM32F4xx_StdPeriph_Driver\src\stm32f4xx_adc.o
                                                  src\SEN0159.o
ADC_SoftwareStartInjectedConv                     Libraries\STM32F4xx_StdPeriph_Driver\src\stm32f4xx_adc.o
ADC_StructInit                                    Libraries\STM32F4xx_StdPeriph_Driver\src\stm32f4xx_adc.o
ADC_TempSensorVrefintCmd                          Libraries\STM32F4xx_StdPeriph_Driver\src\stm32f4xx_adc.o
ADC_VBATCmd                                       Libraries\STM32F4xx_StdPeriph_Driver\src\stm32f4xx_adc.o
AHBPrescTable                                     src\system_stm32f4xx.o
ASCII12x12_Table                                  Utilities\Common\fonts.o
ASCII16x24_Table                                  Utilities\Common\fonts.o
ASCII8x12_Table                                   Utilities\Common\fonts.o
ASCII8x8_Table                                    Utilities\Common\fonts.o
BUTTON_CLK                                        Utilities\STM32F429I-Discovery\stm32f429i_discovery.o
BUTTON_EXTI_LINE                                  Utilities\STM32F429I-Discovery\stm32f429i_discovery.o
BUTTON_IRQn                                       Utilities\STM32F429I-Discovery\stm32f429i_discovery.o
BUTTON_PIN                                        Utilities\STM32F429I-Discovery\stm32f429i_discovery.o
BUTTON_PIN_SOURCE                                 Utilities\STM32F429I-Discovery\stm32f429i_discovery.o
BUTTON_PORT                                       Utilities\STM32F429I-Discovery\stm32f429i_discovery.o
BUTTON_PORT_SOURCE                                Utilities\STM32F429I-Discovery\stm32f429i_discovery.o
BusFault_Handler                                  src\stm32f4xx_it.o
ButtonCheckIfPressed                              src\Button.o
                                                  src\ChartPanel.o
                                                  src\ChartsMenu.o
                                                  src\MainMenu.o
ButtonDraw                                        src\Button.o
                                                  src\ChartPanel.o
                                                  src\ChartsMenu.o
                                                  src\MainMenu.o
CAN1_RX0_IRQHandler                               src\startup_stm32f429x.o
CAN1_RX1_IRQHandler                               src\startup_stm32f429x.o
CAN1_SCE_IRQHandler                               src\startup_stm32f429x.o
CAN1_TX_IRQHandler                                src\startup_stm32f429x.o
CAN2_RX0_IRQHandler                               src\startup_stm32f429x.o
CAN2_RX1_IRQHandler                               src\startup_stm32f429x.o
CAN2_SCE_IRQHandler                               src\startup_stm32f429x.o
CAN2_TX_IRQHandler                                src\startup_stm32f429x.o
CAN_CancelTransmit                                Libraries\STM32F4xx_StdPeriph_Driver\src\stm32f4xx_can.o
CAN_ClearFlag                                     Libraries\STM32F4xx_StdPeriph_Driver\src\stm32f4xx_can.o
CAN_ClearITPendingBit                             Libraries\STM32F4xx_StdPeriph_Driver\src\stm32f4xx_can.o
CAN_DBGFreeze                                     Libraries\STM32F4xx_StdPeriph_Driver\src\stm32f4xx_can.o
CAN_DeInit                                        Libraries\STM32F4xx_StdPeriph_Driver\src\stm32f4xx_can.o
CAN_FIFORelease                                   Libraries\STM32F4xx_StdPeriph_Driver\src\stm32f4xx_can.o
CAN_FilterInit                                    Libraries\STM32F4xx_StdPeriph_Driver\src\stm32f4xx_can.o
CAN_GetFlagStatus                                 Libraries\STM32F4xx_StdPeriph_Driver\src\stm32f4xx_can.o
CAN_GetITStatus                                   Libraries\STM32F4xx_StdPeriph_Driver\src\stm32f4xx_can.o
CAN_GetLSBTransmitErrorCounter                    Libraries\STM32F4xx_StdPeriph_Driver\src\stm32f4xx_can.o
CAN_GetLastErrorCode                              Libraries\STM32F4xx_StdPeriph_Driver\src\stm32f4xx_can.o
CAN_GetReceiveErrorCounter                        Libraries\STM32F4xx_StdPeriph_Driver\src\stm32f4xx_can.o
CAN_ITConfig                                      Libraries\STM32F4xx_StdPeriph_Driver\src\stm32f4xx_can.o
CAN_Init                                          Libraries\STM32F4xx_StdPeriph_Driver\src\stm32f4xx_can.o
CAN_MessagePending                                Libraries\STM32F4xx_StdPeriph_Driver\src\stm32f4xx_can.o
CAN_OperatingModeRequest                          Libraries\STM32F4xx_StdPeriph_Driver\src\stm32f4xx_can.o
CAN_Receive                                       Libraries\STM32F4xx_StdPeriph_Driver\src\stm32f4xx_can.o
CAN_SlaveStartBank                                Libraries\STM32F4xx_StdPeriph_Driver\src\stm32f4xx_can.o
CAN_Sleep                                         Libraries\STM32F4xx_StdPeriph_Driver\src\stm32f4xx_can.o
CAN_StructInit                                    Libraries\STM32F4xx_StdPeriph_Driver\src\stm32f4xx_can.o
CAN_TTComModeCmd                                  Libraries\STM32F4xx_StdPeriph_Driver\src\stm32f4xx_can.o
CAN_Transmit                                      Libraries\STM32F4xx_StdPeriph_Driver\src\stm32f4xx_can.o
CAN_TransmitStatus                                Libraries\STM32F4xx_StdPeriph_Driver\src\stm32f4xx_can.o
CAN_WakeUp                                        Libraries\STM32F4xx_StdPeriph_Driver\src\stm32f4xx_can.o
CO2Curve                                          src\SEN0159.o
CRC_CalcBlockCRC                                  Libraries\STM32F4xx_StdPeriph_Driver\src\stm32f4xx_crc.o
CRC_CalcCRC                                       Libraries\STM32F4xx_StdPeriph_Driver\src\stm32f4xx_crc.o
CRC_GetCRC                                        Libraries\STM32F4xx_StdPeriph_Driver\src\stm32f4xx_crc.o
CRC_GetIDRegister                                 Libraries\STM32F4xx_StdPeriph_Driver\src\stm32f4xx_crc.o
CRC_ResetDR                                       Libraries\STM32F4xx_StdPeriph_Driver\src\stm32f4xx_crc.o
CRC_SetIDRegister                                 Libraries\STM32F4xx_StdPeriph_Driver\src\stm32f4xx_crc.o
CRYP_AES_CBC                                      Libraries\STM32F4xx_StdPeriph_Driver\src\stm32f4xx_cryp_aes.o
CRYP_AES_CCM                                      Libraries\STM32F4xx_StdPeriph_Driver\src\stm32f4xx_cryp_aes.o
CRYP_AES_CTR                                      Libraries\STM32F4xx_StdPeriph_Driver\src\stm32f4xx_cryp_aes.o
CRYP_AES_ECB                                      Libraries\STM32F4xx_StdPeriph_Driver\src\stm32f4xx_cryp_aes.o
CRYP_AES_GCM                                      Libraries\STM32F4xx_StdPeriph_Driver\src\stm32f4xx_cryp_aes.o
CRYP_Cmd                                          Libraries\STM32F4xx_StdPeriph_Driver\src\stm32f4xx_cryp.o
                                                  Libraries\STM32F4xx_StdPeriph_Driver\src\stm32f4xx_cryp_aes.o
                                                  Libraries\STM32F4xx_StdPeriph_Driver\src\stm32f4xx_cryp_des.o
                                                  Libraries\STM32F4xx_StdPeriph_Driver\src\stm32f4xx_cryp_tdes.o
CRYP_DES_CBC                                      Libraries\STM32F4xx_StdPeriph_Driver\src\stm32f4xx_cryp_des.o
CRYP_DES_ECB                                      Libraries\STM32F4xx_StdPeriph_Driver\src\stm32f4xx_cryp_des.o
CRYP_DMACmd                                       Libraries\STM32F4xx_StdPeriph_Driver\src\stm32f4xx_cryp.o
CRYP_DataIn                                       Libraries\STM32F4xx_StdPeriph_Driver\src\stm32f4xx_cryp.o
                                                  Libraries\STM32F4xx_StdPeriph_Driver\src\stm32f4xx_cryp_aes.o
                                                  Libraries\STM32F4xx_StdPeriph_Driver\src\stm32f4xx_cryp_des.o
                                                  Libraries\STM32F4xx_StdPeriph_Driver\src\stm32f4xx_cryp_tdes.o
CRYP_DataOut                                      Libraries\STM32F4xx_StdPeriph_Driver\src\stm32f4xx_cryp.o
                                                  Libraries\STM32F4xx_StdPeriph_Driver\src\stm32f4xx_cryp_aes.o
                                                  Libraries\STM32F4xx_StdPeriph_Driver\src\stm32f4xx_cryp_des.o
                                                  Libraries\STM32F4xx_StdPeriph_Driver\src\stm32f4xx_cryp_tdes.o
CRYP_DeInit                                       Libraries\STM32F4xx_StdPeriph_Driver\src\stm32f4xx_cryp.o
CRYP_FIFOFlush                                    Libraries\STM32F4xx_StdPeriph_Driver\src\stm32f4xx_cryp.o
                                                  Libraries\STM32F4xx_StdPeriph_Driver\src\stm32f4xx_cryp_aes.o
                                                  Libraries\STM32F4xx_StdPeriph_Driver\src\stm32f4xx_cryp_des.o
                                                  Libraries\STM32F4xx_StdPeriph_Driver\src\stm32f4xx_cryp_tdes.o
CRYP_GetCmdStatus                                 Libraries\STM32F4xx_StdPeriph_Driver\src\stm32f4xx_cryp.o
                                                  Libraries\STM32F4xx_StdPeriph_Driver\src\stm32f4xx_cryp_aes.o
                                                  Libraries\STM32F4xx_StdPeriph_Driver\src\stm32f4xx_cryp_des.o
                                                  Libraries\STM32F4xx_StdPeriph_Driver\src\stm32f4xx_cryp_tdes.o
CRYP_GetFlagStatus                                Libraries\STM32F4xx_StdPeriph_Driver\src\stm32f4xx_cryp.o
                                                  Libraries\STM32F4xx_StdPeriph_Driver\src\stm32f4xx_cryp_aes.o
                                                  Libraries\STM32F4xx_StdPeriph_Driver\src\stm32f4xx_cryp_des.o
                                                  Libraries\STM32F4xx_StdPeriph_Driver\src\stm32f4xx_cryp_tdes.o
CRYP_GetITStatus                                  Libraries\STM32F4xx_StdPeriph_Driver\src\stm32f4xx_cryp.o
CRYP_IRQHandler                                   src\startup_stm32f429x.o
CRYP_ITConfig                                     Libraries\STM32F4xx_StdPeriph_Driver\src\stm32f4xx_cryp.o
CRYP_IVInit                                       Libraries\STM32F4xx_StdPeriph_Driver\src\stm32f4xx_cryp.o
                                                  Libraries\STM32F4xx_StdPeriph_Driver\src\stm32f4xx_cryp_aes.o
                                                  Libraries\STM32F4xx_StdPeriph_Driver\src\stm32f4xx_cryp_des.o